 zlibwapi

 Timestamp is 5d05842e (Sun Jun 16 07:50:06 2019)

 Preferred load address is 0000000180000000

 Start         Length     Name                   Class
 0001:00000000 00012040H .text$mn                CODE
 0001:00012040 00000012H .text$mn$00             CODE
 0001:00012052 00000081H .text$x                 CODE
 0002:00000000 00000238H .idata$5                DATA
 0002:00000238 00000010H .00cfg                  DATA
 0002:00000248 00000008H .CRT$XCA                DATA
 0002:00000250 00000008H .CRT$XCZ                DATA
 0002:00000258 00000008H .CRT$XIA                DATA
 0002:00000260 00000008H .CRT$XIZ                DATA
 0002:00000268 00000008H .CRT$XPA                DATA
 0002:00000270 00000008H .CRT$XPZ                DATA
 0002:00000278 00000008H .CRT$XTA                DATA
 0002:00000280 00000010H .CRT$XTZ                DATA
 0002:00000288 00000000H .gfids$y                DATA
 0002:00000290 00004400H .rdata                  DATA
 0002:00004690 000002d0H .rdata$zzzdbg           DATA
 0002:00004960 00000008H .rtc$IAA                DATA
 0002:00004968 00000008H .rtc$IZZ                DATA
 0002:00004970 00000008H .rtc$TAA                DATA
 0002:00004978 00000008H .rtc$TZZ                DATA
 0002:00004980 00001750H .xdata                  DATA
 0002:000060d0 00000cfcH .edata                  DATA
 0002:00006dcc 000000a0H .idata$2                DATA
 0002:00006e6c 00000014H .idata$3                DATA
 0002:00006e80 00000238H .idata$4                DATA
 0002:000070b8 000004eeH .idata$6                DATA
 0003:00000000 00000040H .data                   DATA
 0003:00000040 000000a0H .bss                    DATA
 0004:00000000 00001104H .pdata                  DATA
 0005:00000000 00000060H .rsrc$01                DATA
 0005:00000060 00000338H .rsrc$02                DATA

  Address         Publics by Value              Rva+Base               Lib:Object

 0000:00000000       __guard_iat_table          0000000000000000     <absolute>
 0000:00000000       __guard_longjmp_table      0000000000000000     <absolute>
 0000:00000000       ___safe_se_handler_table   0000000000000000     <absolute>
 0000:00000000       __dynamic_value_reloc_table 0000000000000000     <absolute>
 0000:00000000       __guard_fids_count         0000000000000000     <absolute>
 0000:00000000       __guard_longjmp_count      0000000000000000     <absolute>
 0000:00000000       __enclave_config           0000000000000000     <absolute>
 0000:00000000       ___safe_se_handler_count   0000000000000000     <absolute>
 0000:00000000       __hybrid_code_map          0000000000000000     <absolute>
 0000:00000000       __hybrid_auxiliary_iat     0000000000000000     <absolute>
 0000:00000000       __guard_iat_count          0000000000000000     <absolute>
 0000:00000000       __volatile_metadata        0000000000000000     <absolute>
 0000:00000000       __hybrid_code_map_count    0000000000000000     <absolute>
 0000:00000000       __guard_fids_table         0000000000000000     <absolute>
 0000:00000100       __guard_flags              0000000000000100     <absolute>
 0000:00000000       __ImageBase                0000000180000000     <linker-defined>
 0001:00000000       adler32_z                  0000000180001000 f   adler32.obj
 0001:000002e0       adler32                    00000001800012e0 f   adler32.obj
 0001:000003c0       adler32_combine            00000001800013c0 f   adler32.obj
 0001:000003d0       compress2                  00000001800013d0 f   compress.obj
 0001:000004d0       compress                   00000001800014d0 f   compress.obj
 0001:000004f0       compressBound              00000001800014f0 f   compress.obj
 0001:00000510       get_crc_table              0000000180001510 f   crc32.obj
 0001:00000520       crc32_z                    0000000180001520 f   crc32.obj
 0001:00000530       crc32                      0000000180001530 f   crc32.obj
 0001:00000de0       crc32_combine              0000000180001de0 f   crc32.obj
 0001:00000e70       deflateInit_               0000000180001e70 f   deflate.obj
 0001:00000eb0       deflateInit2_              0000000180001eb0 f   deflate.obj
 0001:000011a0       deflateSetDictionary       00000001800021a0 f   deflate.obj
 0001:000013a0       deflateGetDictionary       00000001800023a0 f   deflate.obj
 0001:00001420       deflateResetKeep           0000000180002420 f   deflate.obj
 0001:000014d0       deflateReset               00000001800024d0 f   deflate.obj
 0001:00001500       deflateSetHeader           0000000180002500 f   deflate.obj
 0001:00001540       deflatePending             0000000180002540 f   deflate.obj
 0001:00001590       deflatePrime               0000000180002590 f   deflate.obj
 0001:00001640       deflateParams              0000000180002640 f   deflate.obj
 0001:000017b0       deflateTune                00000001800027b0 f   deflate.obj
 0001:00001800       deflateBound               0000000180002800 f   deflate.obj
 0001:000019c0       deflate                    00000001800029c0 f   deflate.obj
 0001:000022e0       deflateEnd                 00000001800032e0 f   deflate.obj
 0001:00002390       deflateCopy                0000000180003390 f   deflate.obj
 0001:00003d10       gzclose                    0000000180004d10 f   gzclose.obj
 0001:00003d30       __local_stdio_printf_options 0000000180004d30 f i gzlib.obj
 0001:00003d40       vsnprintf                  0000000180004d40 f i gzlib.obj
 0001:00003db0       snprintf                   0000000180004db0 f i gzlib.obj
 0001:00004190       gzopen                     0000000180005190 f   gzlib.obj
 0001:000041a0       gzdopen                    00000001800051a0 f   gzlib.obj
 0001:00004230       gzopen_w                   0000000180005230 f   gzlib.obj
 0001:00004240       gzbuffer                   0000000180005240 f   gzlib.obj
 0001:00004280       gzrewind                   0000000180005280 f   gzlib.obj
 0001:000042e0       gzseek64                   00000001800052e0 f   gzlib.obj
 0001:00004440       gzseek                     0000000180005440 f   gzlib.obj
 0001:00004470       gztell64                   0000000180005470 f   gzlib.obj
 0001:000044b0       gztell                     00000001800054b0 f   gzlib.obj
 0001:000044d0       gzoffset64                 00000001800054d0 f   gzlib.obj
 0001:00004530       gzoffset                   0000000180005530 f   gzlib.obj
 0001:00004550       gzeof                      0000000180005550 f   gzlib.obj
 0001:00004570       gzerror                    0000000180005570 f   gzlib.obj
 0001:000045c0       gzclearerr                 00000001800055c0 f   gzlib.obj
 0001:00004600       gz_error                   0000000180005600 f   gzlib.obj
 0001:00004dc0       gzread                     0000000180005dc0 f   gzread.obj
 0001:00004e30       gzfread                    0000000180005e30 f   gzread.obj
 0001:00004eb0       gzgetc                     0000000180005eb0 f   gzread.obj
 0001:00004f30       gzgetc_                    0000000180005f30 f   gzread.obj
 0001:00004f40       gzungetc                   0000000180005f40 f   gzread.obj
 0001:00005060       gzgets                     0000000180006060 f   gzread.obj
 0001:000051a0       gzdirect                   00000001800061a0 f   gzread.obj
 0001:000051e0       gzclose_r                  00000001800061e0 f   gzread.obj
 0001:00005780       gzwrite                    0000000180006780 f   gzwrite.obj
 0001:000057d0       gzfwrite                   00000001800067d0 f   gzwrite.obj
 0001:00005850       gzputc                     0000000180006850 f   gzwrite.obj
 0001:00005920       gzputs                     0000000180006920 f   gzwrite.obj
 0001:00005990       gzvprintf                  0000000180006990 f   gzwrite.obj
 0001:00005ae0       gzprintf                   0000000180006ae0 f   gzwrite.obj
 0001:00005b10       gzflush                    0000000180006b10 f   gzwrite.obj
 0001:00005b80       gzsetparams                0000000180006b80 f   gzwrite.obj
 0001:00005c30       gzclose_w                  0000000180006c30 f   gzwrite.obj
 0001:00005d00       inflateBackInit_           0000000180006d00 f   infback.obj
 0001:00005e50       inflateBack                0000000180006e50 f   infback.obj
 0001:00006d60       inflateBackEnd             0000000180007d60 f   infback.obj
 0001:00006db0       inflate_fast               0000000180007db0 f   inffast.obj
 0001:000072d0       inflateResetKeep           00000001800082d0 f   inflate.obj
 0001:00007360       inflateReset               0000000180008360 f   inflate.obj
 0001:00007390       inflateReset2              0000000180008390 f   inflate.obj
 0001:00007430       inflateInit2_              0000000180008430 f   inflate.obj
 0001:00007530       inflateInit_               0000000180008530 f   inflate.obj
 0001:00007540       inflatePrime               0000000180008540 f   inflate.obj
 0001:000076e0       inflate                    00000001800086e0 f   inflate.obj
 0001:00008e60       inflateEnd                 0000000180009e60 f   inflate.obj
 0001:00008eb0       inflateGetDictionary       0000000180009eb0 f   inflate.obj
 0001:00008f40       inflateSetDictionary       0000000180009f40 f   inflate.obj
 0001:00008ff0       inflateGetHeader           0000000180009ff0 f   inflate.obj
 0001:000090a0       inflateSync                000000018000a0a0 f   inflate.obj
 0001:000091c0       inflateSyncPoint           000000018000a1c0 f   inflate.obj
 0001:00009200       inflateCopy                000000018000a200 f   inflate.obj
 0001:000093b0       inflateUndermine           000000018000a3b0 f   inflate.obj
 0001:000093e0       inflateValidate            000000018000a3e0 f   inflate.obj
 0001:00009420       inflateMark                000000018000a420 f   inflate.obj
 0001:00009490       inflateCodesUsed           000000018000a490 f   inflate.obj
 0001:000094d0       inflate_table              000000018000a4d0 f   inftrees.obj
 0001:000099a0       call_zopen64               000000018000a9a0 f   ioapi.obj
 0001:000099c0       call_zseek64               000000018000a9c0 f   ioapi.obj
 0001:000099f0       call_ztell64               000000018000a9f0 f   ioapi.obj
 0001:00009a30       fill_zlib_filefunc64_32_def_from_filefunc32 000000018000aa30 f   ioapi.obj
 0001:00009c60       fill_fopen64_filefunc      000000018000ac60 f   ioapi.obj
 0001:00009d90       win32_open64_file_func     000000018000ad90 f   iowin32.obj
 0001:00009e10       win32_open64_file_funcA    000000018000ae10 f   iowin32.obj
 0001:00009e90       win32_open64_file_funcW    000000018000ae90 f   iowin32.obj
 0001:00009f10       win32_open_file_func       000000018000af10 f   iowin32.obj
 0001:00009f90       win32_read_file_func       000000018000af90 f   iowin32.obj
 0001:0000a000       win32_write_file_func      000000018000b000 f   iowin32.obj
 0001:0000a0e0       win32_tell_file_func       000000018000b0e0 f   iowin32.obj
 0001:0000a140       win32_tell64_file_func     000000018000b140 f   iowin32.obj
 0001:0000a1a0       win32_seek_file_func       000000018000b1a0 f   iowin32.obj
 0001:0000a220       win32_seek64_file_func     000000018000b220 f   iowin32.obj
 0001:0000a2a0       win32_close_file_func      000000018000b2a0 f   iowin32.obj
 0001:0000a2f0       win32_error_file_func      000000018000b2f0 f   iowin32.obj
 0001:0000a300       fill_win32_filefunc        000000018000b300 f   iowin32.obj
 0001:0000a360       fill_win32_filefunc64      000000018000b360 f   iowin32.obj
 0001:0000a3c0       fill_win32_filefunc64A     000000018000b3c0 f   iowin32.obj
 0001:0000a420       fill_win32_filefunc64W     000000018000b420 f   iowin32.obj
 0001:0000a490       _tr_init                   000000018000b490 f   trees.obj
 0001:0000b710       _tr_stored_block           000000018000c710 f   trees.obj
 0001:0000b820       _tr_flush_bits             000000018000c820 f   trees.obj
 0001:0000b830       _tr_align                  000000018000c830 f   trees.obj
 0001:0000b920       _tr_flush_block            000000018000c920 f   trees.obj
 0001:0000c140       uncompress2                000000018000d140 f   uncompr.obj
 0001:0000c2a0       uncompress                 000000018000d2a0 f   uncompr.obj
 0001:0000c670       unzStringFileNameCompare   000000018000d670 f   unzip.obj
 0001:0000ce80       unzOpen2                   000000018000de80 f   unzip.obj
 0001:0000ced0       unzOpen2_64                000000018000ded0 f   unzip.obj
 0001:0000cf30       unzOpen                    000000018000df30 f   unzip.obj
 0001:0000cf40       unzOpen64                  000000018000df40 f   unzip.obj
 0001:0000cf50       unzClose                   000000018000df50 f   unzip.obj
 0001:0000cfa0       unzGetGlobalInfo64         000000018000dfa0 f   unzip.obj
 0001:0000cfc0       unzGetGlobalInfo           000000018000dfc0 f   unzip.obj
 0001:0000d5a0       unzGetCurrentFileInfo64    000000018000e5a0 f   unzip.obj
 0001:0000d5f0       unzGetCurrentFileInfo      000000018000e5f0 f   unzip.obj
 0001:0000d6f0       unzGoToFirstFile           000000018000e6f0 f   unzip.obj
 0001:0000d770       unzGoToNextFile            000000018000e770 f   unzip.obj
 0001:0000d830       unzLocateFile              000000018000e830 f   unzip.obj
 0001:0000da20       unzGetFilePos64            000000018000ea20 f   unzip.obj
 0001:0000da60       unzGetFilePos              000000018000ea60 f   unzip.obj
 0001:0000da90       unzGoToFilePos64           000000018000ea90 f   unzip.obj
 0001:0000db10       unzGoToFilePos             000000018000eb10 f   unzip.obj
 0001:0000dd70       unzOpenCurrentFile3        000000018000ed70 f   unzip.obj
 0001:0000e000       unzOpenCurrentFile         000000018000f000 f   unzip.obj
 0001:0000e020       unzOpenCurrentFilePassword 000000018000f020 f   unzip.obj
 0001:0000e040       unzOpenCurrentFile2        000000018000f040 f   unzip.obj
 0001:0000e060       unzGetCurrentFileZStreamPos64 000000018000f060 f   unzip.obj
 0001:0000e080       unzReadCurrentFile         000000018000f080 f   unzip.obj
 0001:0000e350       unztell                    000000018000f350 f   unzip.obj
 0001:0000e370       unztell64                  000000018000f370 f   unzip.obj
 0001:0000e3a0       unzeof                     000000018000f3a0 f   unzip.obj
 0001:0000e3d0       unzGetLocalExtrafield      000000018000f3d0 f   unzip.obj
 0001:0000e4c0       unzCloseCurrentFile        000000018000f4c0 f   unzip.obj
 0001:0000e580       unzGetGlobalComment        000000018000f580 f   unzip.obj
 0001:0000f1a0       LoadCentralDirectoryRecord 00000001800101a0 f   zip.obj
 0001:0000f550       zipOpen3                   0000000180010550 f   zip.obj
 0001:0000f6f0       zipOpen2                   00000001800106f0 f   zip.obj
 0001:0000f740       zipOpen2_64                0000000180010740 f   zip.obj
 0001:0000f7a0       zipOpen                    00000001800107a0 f   zip.obj
 0001:0000f7b0       zipOpen64                  00000001800107b0 f   zip.obj
 0001:0000f7c0       Write_LocalFileHeader      00000001800107c0 f   zip.obj
 0001:0000fa20       zipOpenNewFileInZip4_64    0000000180010a20 f   zip.obj
 0001:0000ffb0       zipOpenNewFileInZip3       0000000180010fb0 f   zip.obj
 0001:00010060       zipOpenNewFileInZip3_64    0000000180011060 f   zip.obj
 0001:00010120       zipOpenNewFileInZip2       0000000180011120 f   zip.obj
 0001:000101b0       zipOpenNewFileInZip2_64    00000001800111b0 f   zip.obj
 0001:00010250       zipOpenNewFileInZip64      0000000180011250 f   zip.obj
 0001:000102e0       zipOpenNewFileInZip        00000001800112e0 f   zip.obj
 0001:00010450       zipWriteInFileInZip        0000000180011450 f   zip.obj
 0001:000105c0       zipCloseFileInZipRaw       00000001800115c0 f   zip.obj
 0001:000105d0       zipCloseFileInZipRaw64     00000001800115d0 f   zip.obj
 0001:00010a40       zipCloseFileInZip          0000000180011a40 f   zip.obj
 0001:00010a50       Write_Zip64EndOfCentralDirectoryLocator 0000000180011a50 f   zip.obj
 0001:00010ad0       Write_Zip64EndOfCentralDirectoryRecord 0000000180011ad0 f   zip.obj
 0001:00010c00       Write_EndOfCentralDirectoryRecord 0000000180011c00 f   zip.obj
 0001:00010d20       Write_GlobalComment        0000000180011d20 f   zip.obj
 0001:00010db0       zipClose                   0000000180011db0 f   zip.obj
 0001:00010f20       zlibVersion                0000000180011f20 f   zutil.obj
 0001:00010f30       zlibCompileFlags           0000000180011f30 f   zutil.obj
 0001:00010f40       zError                     0000000180011f40 f   zutil.obj
 0001:00010f60       zcalloc                    0000000180011f60 f   zutil.obj
 0001:00010f70       zcfree                     0000000180011f70 f   zutil.obj
 0001:00010f7a       ReadFile                   0000000180011f7a f   kernel32:KERNEL32.dll
 0001:00010f80       WriteFile                  0000000180011f80 f   kernel32:KERNEL32.dll
 0001:00010f86       SetFilePointer             0000000180011f86 f   kernel32:KERNEL32.dll
 0001:00010f8c       CreateFileW                0000000180011f8c f   kernel32:KERNEL32.dll
 0001:00010f92       GetLastError               0000000180011f92 f   kernel32:KERNEL32.dll
 0001:00010f98       CreateFileA                0000000180011f98 f   kernel32:KERNEL32.dll
 0001:00010f9e       CloseHandle                0000000180011f9e f   kernel32:KERNEL32.dll
 0001:000112f0       _CRT_INIT                  00000001800122f0 f   MSVCRT:dll_dllmain.obj
 0001:000112f8       _DllMainCRTStartup         00000001800122f8 f   MSVCRT:dll_dllmain.obj
 0001:000113a4       __security_init_cookie     00000001800123a4 f   MSVCRT:gs_support.obj
 0001:00011450       DllMain                    0000000180012450 f   MSVCRT:dll_dllmain_stub.obj
 0001:00011474       ?__scrt_initialize_type_info@@YAXXZ 0000000180012474 f   MSVCRT:tncleanup.obj
 0001:00011484       ?__scrt_uninitialize_type_info@@YAXXZ 0000000180012484 f   MSVCRT:tncleanup.obj
 0001:00011490       __local_stdio_scanf_options 0000000180012490 f i MSVCRT:default_local_stdio_options.obj
 0001:00011498       __scrt_initialize_default_local_stdio_options 0000000180012498 f   MSVCRT:default_local_stdio_options.obj
 0001:000114b4       ??$__crt_fast_decode_pointer@PEAP6AXXZ@@YAPEAP6AXXZQEAP6AXXZ@Z 00000001800124b4 f i MSVCRT:utility.obj
 0001:000114cc       ??$__crt_fast_encode_pointer@PEAP6AXXZ@@YAPEAP6AXXZQEAP6AXXZ@Z 00000001800124cc f i MSVCRT:utility.obj
 0001:000114ec       ?__crt_rotate_pointer_value@@YA_K_KH@Z 00000001800124ec f i MSVCRT:utility.obj
 0001:000114f8       ?configure_argv@__scrt_narrow_argv_policy@@SAHXZ 00000001800124f8 f i MSVCRT:utility.obj
 0001:00011558       ?initialize_environment@__scrt_narrow_environment_policy@@SAHXZ 0000000180012558 f i MSVCRT:utility.obj
 0001:00011590       NtCurrentTeb               0000000180012590 f i MSVCRT:utility.obj
 0001:0001159c       __scrt_acquire_startup_lock 000000018001259c f   MSVCRT:utility.obj
 0001:000115d8       __scrt_dllmain_after_initialize_c 00000001800125d8 f   MSVCRT:utility.obj
 0001:0001160c       __scrt_dllmain_before_initialize_c 000000018001260c f   MSVCRT:utility.obj
 0001:00011624       __scrt_dllmain_crt_thread_attach 0000000180012624 f   MSVCRT:utility.obj
 0001:0001164c       __scrt_dllmain_crt_thread_detach 000000018001264c f   MSVCRT:utility.obj
 0001:00011664       __scrt_dllmain_exception_filter 0000000180012664 f   MSVCRT:utility.obj
 0001:000116c4       __scrt_dllmain_uninitialize_c 00000001800126c4 f   MSVCRT:utility.obj
 0001:000116f4       __scrt_dllmain_uninitialize_critical 00000001800126f4 f   MSVCRT:utility.obj
 0001:00011708       __scrt_initialize_crt      0000000180012708 f   MSVCRT:utility.obj
 0001:00011754       __scrt_initialize_onexit_tables 0000000180012754 f   MSVCRT:utility.obj
 0001:0001182c       __scrt_is_nonwritable_in_current_image 000000018001282c f   MSVCRT:utility.obj
 0001:000118c8       __scrt_release_startup_lock 00000001800128c8 f   MSVCRT:utility.obj
 0001:000118ec       __scrt_uninitialize_crt    00000001800128ec f   MSVCRT:utility.obj
 0001:00011918       _onexit                    0000000180012918 f   MSVCRT:utility.obj
 0001:00011968       at_quick_exit              0000000180012968 f   MSVCRT:utility.obj
 0001:000119a0       atexit                     00000001800129a0 f   MSVCRT:utility.obj
 0001:000119b8       __scrt_get_dyn_tls_init_callback 00000001800129b8 f   MSVCRT:dyn_tls_init.obj
 0001:000119c0       __crt_debugger_hook        00000001800129c0 f   MSVCRT:utility_desktop.obj
 0001:000119c8       __scrt_fastfail            00000001800129c8 f   MSVCRT:utility_desktop.obj
 0001:00011b14       __scrt_get_show_window_mode 0000000180012b14 f   MSVCRT:utility_desktop.obj
 0001:00011b50       __scrt_initialize_mta      0000000180012b50 f   MSVCRT:utility_desktop.obj
 0001:00011b58       __scrt_initialize_winrt    0000000180012b58 f   MSVCRT:utility_desktop.obj
 0001:00011b5c       __scrt_is_managed_app      0000000180012b5c f   MSVCRT:utility_desktop.obj
 0001:00011bb0       __scrt_set_unhandled_exception_filter 0000000180012bb0 f   MSVCRT:utility_desktop.obj
 0001:00011bc0       __scrt_stub_for_initialize_mta 0000000180012bc0 f   MSVCRT:utility_desktop.obj
 0001:00011bc0       __scrt_exe_initialize_mta  0000000180012bc0 f   MSVCRT:utility_desktop.obj
 0001:00011bc4       __scrt_unhandled_exception_filter 0000000180012bc4 f   MSVCRT:utility_desktop.obj
 0001:00011bfc       _RTC_Initialize            0000000180012bfc f   MSVCRT:_initsect_.obj
 0001:00011c38       _RTC_Terminate             0000000180012c38 f   MSVCRT:_initsect_.obj
 0001:00011c74       _guard_check_icall_nop     0000000180012c74 f i MSVCRT:guard_support.obj
 0001:00011c78       ReadNoFence64              0000000180012c78 f i MSVCRT:guard_support.obj
 0001:00011c7c       ReadPointerNoFence         0000000180012c7c f i MSVCRT:guard_support.obj
 0001:00011c80       _guard_icall_checks_enforced 0000000180012c80 f i MSVCRT:guard_support.obj
 0001:00011c98       _guard_rf_checks_enforced  0000000180012c98 f i MSVCRT:guard_support.obj
 0001:00011c9c       __isa_available_init       0000000180012c9c f   MSVCRT:_cpu_disp_.obj
 0001:00011e58       _get_startup_argv_mode     0000000180012e58 f   MSVCRT:argv_mode.obj
 0001:00011e60       __scrt_is_ucrt_dll_in_use  0000000180012e60 f   MSVCRT:ucrt_detection.obj
 0001:00011e70       __C_specific_handler       0000000180012e70 f   vcruntime:VCRUNTIME140.dll
 0001:00011e76       __std_type_info_destroy_list 0000000180012e76 f   vcruntime:VCRUNTIME140.dll
 0001:00011e7c       memset                     0000000180012e7c f   vcruntime:VCRUNTIME140.dll
 0001:00011e82       _lseeki64                  0000000180012e82 f   ucrt:api-ms-win-crt-stdio-l1-1-0.dll
 0001:00011e88       _wopen                     0000000180012e88 f   ucrt:api-ms-win-crt-stdio-l1-1-0.dll
 0001:00011e8e       _open                      0000000180012e8e f   ucrt:api-ms-win-crt-stdio-l1-1-0.dll
 0001:00011e94       wcstombs                   0000000180012e94 f   ucrt:api-ms-win-crt-convert-l1-1-0.dll
 0001:00011e9a       __stdio_common_vsprintf    0000000180012e9a f   ucrt:api-ms-win-crt-stdio-l1-1-0.dll
 0001:00011ea0       free                       0000000180012ea0 f   ucrt:api-ms-win-crt-heap-l1-1-0.dll
 0001:00011ea6       malloc                     0000000180012ea6 f   ucrt:api-ms-win-crt-heap-l1-1-0.dll
 0001:00011eac       _read                      0000000180012eac f   ucrt:api-ms-win-crt-stdio-l1-1-0.dll
 0001:00011eb2       _close                     0000000180012eb2 f   ucrt:api-ms-win-crt-stdio-l1-1-0.dll
 0001:00011eb8       _errno                     0000000180012eb8 f   ucrt:api-ms-win-crt-runtime-l1-1-0.dll
 0001:00011ebe       strerror                   0000000180012ebe f   ucrt:api-ms-win-crt-runtime-l1-1-0.dll
 0001:00011ec4       _write                     0000000180012ec4 f   ucrt:api-ms-win-crt-stdio-l1-1-0.dll
 0001:00011eca       ftell                      0000000180012eca f   ucrt:api-ms-win-crt-stdio-l1-1-0.dll
 0001:00011ed0       ferror                     0000000180012ed0 f   ucrt:api-ms-win-crt-stdio-l1-1-0.dll
 0001:00011ed6       fopen                      0000000180012ed6 f   ucrt:api-ms-win-crt-stdio-l1-1-0.dll
 0001:00011edc       fclose                     0000000180012edc f   ucrt:api-ms-win-crt-stdio-l1-1-0.dll
 0001:00011ee2       fseek                      0000000180012ee2 f   ucrt:api-ms-win-crt-stdio-l1-1-0.dll
 0001:00011ee8       fwrite                     0000000180012ee8 f   ucrt:api-ms-win-crt-stdio-l1-1-0.dll
 0001:00011eee       _ftelli64                  0000000180012eee f   ucrt:api-ms-win-crt-stdio-l1-1-0.dll
 0001:00011ef4       fread                      0000000180012ef4 f   ucrt:api-ms-win-crt-stdio-l1-1-0.dll
 0001:00011efa       _fseeki64                  0000000180012efa f   ucrt:api-ms-win-crt-stdio-l1-1-0.dll
 0001:00011f00       srand                      0000000180012f00 f   ucrt:api-ms-win-crt-utility-l1-1-0.dll
 0001:00011f06       rand                       0000000180012f06 f   ucrt:api-ms-win-crt-utility-l1-1-0.dll
 0001:00011f0c       _time64                    0000000180012f0c f   ucrt:api-ms-win-crt-time-l1-1-0.dll
 0001:00011f12       _initterm                  0000000180012f12 f   ucrt:api-ms-win-crt-runtime-l1-1-0.dll
 0001:00011f18       _initterm_e                0000000180012f18 f   ucrt:api-ms-win-crt-runtime-l1-1-0.dll
 0001:00011f1e       _seh_filter_dll            0000000180012f1e f   ucrt:api-ms-win-crt-runtime-l1-1-0.dll
 0001:00011f24       _configure_narrow_argv     0000000180012f24 f   ucrt:api-ms-win-crt-runtime-l1-1-0.dll
 0001:00011f2a       _initialize_narrow_environment 0000000180012f2a f   ucrt:api-ms-win-crt-runtime-l1-1-0.dll
 0001:00011f30       _initialize_onexit_table   0000000180012f30 f   ucrt:api-ms-win-crt-runtime-l1-1-0.dll
 0001:00011f36       _register_onexit_function  0000000180012f36 f   ucrt:api-ms-win-crt-runtime-l1-1-0.dll
 0001:00011f3c       _execute_onexit_table      0000000180012f3c f   ucrt:api-ms-win-crt-runtime-l1-1-0.dll
 0001:00011f42       _crt_atexit                0000000180012f42 f   ucrt:api-ms-win-crt-runtime-l1-1-0.dll
 0001:00011f48       _crt_at_quick_exit         0000000180012f48 f   ucrt:api-ms-win-crt-runtime-l1-1-0.dll
 0001:00011f4e       _cexit                     0000000180012f4e f   ucrt:api-ms-win-crt-runtime-l1-1-0.dll
 0001:00011f54       terminate                  0000000180012f54 f   ucrt:api-ms-win-crt-runtime-l1-1-0.dll
 0001:00011f5a       QueryPerformanceCounter    0000000180012f5a f   kernel32:KERNEL32.dll
 0001:00011f60       GetCurrentProcessId        0000000180012f60 f   kernel32:KERNEL32.dll
 0001:00011f66       GetCurrentThreadId         0000000180012f66 f   kernel32:KERNEL32.dll
 0001:00011f6c       GetSystemTimeAsFileTime    0000000180012f6c f   kernel32:KERNEL32.dll
 0001:00011f72       DisableThreadLibraryCalls  0000000180012f72 f   kernel32:KERNEL32.dll
 0001:00011f78       InitializeSListHead        0000000180012f78 f   kernel32:KERNEL32.dll
 0001:00011f7e       RtlCaptureContext          0000000180012f7e f   kernel32:KERNEL32.dll
 0001:00011f84       RtlLookupFunctionEntry     0000000180012f84 f   kernel32:KERNEL32.dll
 0001:00011f8a       RtlVirtualUnwind           0000000180012f8a f   kernel32:KERNEL32.dll
 0001:00011f90       IsDebuggerPresent          0000000180012f90 f   kernel32:KERNEL32.dll
 0001:00011f96       UnhandledExceptionFilter   0000000180012f96 f   kernel32:KERNEL32.dll
 0001:00011f9c       SetUnhandledExceptionFilter 0000000180012f9c f   kernel32:KERNEL32.dll
 0001:00011fa2       GetStartupInfoW            0000000180012fa2 f   kernel32:KERNEL32.dll
 0001:00011fa8       IsProcessorFeaturePresent  0000000180012fa8 f   kernel32:KERNEL32.dll
 0001:00011fae       GetModuleHandleW           0000000180012fae f   kernel32:KERNEL32.dll
 0001:00011fb4       __scrt_stub_for_acrt_initialize 0000000180012fb4 f   MSVCRT:ucrt_stubs.obj
 0001:00011fb4       __acrt_initialize          0000000180012fb4 f   MSVCRT:ucrt_stubs.obj
 0001:00011fb4       __vcrt_initialize          0000000180012fb4 f   MSVCRT:ucrt_stubs.obj
 0001:00011fb8       __vcrt_thread_attach       0000000180012fb8 f   MSVCRT:ucrt_stubs.obj
 0001:00011fb8       __acrt_thread_attach       0000000180012fb8 f   MSVCRT:ucrt_stubs.obj
 0001:00011fb8       __scrt_stub_for_acrt_thread_attach 0000000180012fb8 f   MSVCRT:ucrt_stubs.obj
 0001:00011fbc       __vcrt_thread_detach       0000000180012fbc f   MSVCRT:ucrt_stubs.obj
 0001:00011fbc       __acrt_thread_detach       0000000180012fbc f   MSVCRT:ucrt_stubs.obj
 0001:00011fbc       __scrt_stub_for_acrt_thread_detach 0000000180012fbc f   MSVCRT:ucrt_stubs.obj
 0001:00011fc0       __vcrt_uninitialize        0000000180012fc0 f   MSVCRT:ucrt_stubs.obj
 0001:00011fc0       __acrt_uninitialize        0000000180012fc0 f   MSVCRT:ucrt_stubs.obj
 0001:00011fc0       __scrt_stub_for_acrt_uninitialize 0000000180012fc0 f   MSVCRT:ucrt_stubs.obj
 0001:00011fc4       __acrt_uninitialize_critical 0000000180012fc4 f   MSVCRT:ucrt_stubs.obj
 0001:00011fc4       __scrt_stub_for_acrt_uninitialize_critical 0000000180012fc4 f   MSVCRT:ucrt_stubs.obj
 0001:00011fc4       __vcrt_uninitialize_critical 0000000180012fc4 f   MSVCRT:ucrt_stubs.obj
 0001:00011fc8       __scrt_stub_for_is_c_termination_complete 0000000180012fc8 f   MSVCRT:ucrt_stubs.obj
 0001:00011fc8       _is_c_termination_complete 0000000180012fc8 f   MSVCRT:ucrt_stubs.obj
 0001:00011fe0       __chkstk                   0000000180012fe0 f   MSVCRT:_chkstk_.obj
 0001:00011fe0       _alloca_probe              0000000180012fe0 f   MSVCRT:_chkstk_.obj
 0001:00012031       memchr                     0000000180013031 f   vcruntime:VCRUNTIME140.dll
 0001:00012037       memcpy                     0000000180013037 f   vcruntime:VCRUNTIME140.dll
 0001:00012050       _guard_dispatch_icall_nop  0000000180013050 f   MSVCRT:_guard_dispatch_.obj
 0002:00000000       __imp_ReadFile             0000000180014000     kernel32:KERNEL32.dll
 0002:00000008       __imp_WriteFile            0000000180014008     kernel32:KERNEL32.dll
 0002:00000010       __imp_SetFilePointer       0000000180014010     kernel32:KERNEL32.dll
 0002:00000018       __imp_CreateFileW          0000000180014018     kernel32:KERNEL32.dll
 0002:00000020       __imp_GetLastError         0000000180014020     kernel32:KERNEL32.dll
 0002:00000028       __imp_CreateFileA          0000000180014028     kernel32:KERNEL32.dll
 0002:00000030       __imp_CloseHandle          0000000180014030     kernel32:KERNEL32.dll
 0002:00000038       __imp_GetCurrentProcessId  0000000180014038     kernel32:KERNEL32.dll
 0002:00000040       __imp_GetCurrentThreadId   0000000180014040     kernel32:KERNEL32.dll
 0002:00000048       __imp_GetSystemTimeAsFileTime 0000000180014048     kernel32:KERNEL32.dll
 0002:00000050       __imp_DisableThreadLibraryCalls 0000000180014050     kernel32:KERNEL32.dll
 0002:00000058       __imp_InitializeSListHead  0000000180014058     kernel32:KERNEL32.dll
 0002:00000060       __imp_GetModuleHandleW     0000000180014060     kernel32:KERNEL32.dll
 0002:00000068       __imp_IsProcessorFeaturePresent 0000000180014068     kernel32:KERNEL32.dll
 0002:00000070       __imp_GetStartupInfoW      0000000180014070     kernel32:KERNEL32.dll
 0002:00000078       __imp_SetUnhandledExceptionFilter 0000000180014078     kernel32:KERNEL32.dll
 0002:00000080       __imp_UnhandledExceptionFilter 0000000180014080     kernel32:KERNEL32.dll
 0002:00000088       __imp_IsDebuggerPresent    0000000180014088     kernel32:KERNEL32.dll
 0002:00000090       __imp_RtlVirtualUnwind     0000000180014090     kernel32:KERNEL32.dll
 0002:00000098       __imp_RtlLookupFunctionEntry 0000000180014098     kernel32:KERNEL32.dll
 0002:000000a0       __imp_RtlCaptureContext    00000001800140a0     kernel32:KERNEL32.dll
 0002:000000a8       __imp_QueryPerformanceCounter 00000001800140a8     kernel32:KERNEL32.dll
 0002:000000b0       \177KERNEL32_NULL_THUNK_DATA 00000001800140b0     kernel32:KERNEL32.dll
 0002:000000b8       __imp___C_specific_handler 00000001800140b8     vcruntime:VCRUNTIME140.dll
 0002:000000c0       __imp___std_type_info_destroy_list 00000001800140c0     vcruntime:VCRUNTIME140.dll
 0002:000000c8       __imp_memset               00000001800140c8     vcruntime:VCRUNTIME140.dll
 0002:000000d0       __imp_memchr               00000001800140d0     vcruntime:VCRUNTIME140.dll
 0002:000000d8       __imp_memcpy               00000001800140d8     vcruntime:VCRUNTIME140.dll
 0002:000000e0       \177VCRUNTIME140_NULL_THUNK_DATA 00000001800140e0     vcruntime:VCRUNTIME140.dll
 0002:000000e8       __imp_wcstombs             00000001800140e8     ucrt:api-ms-win-crt-convert-l1-1-0.dll
 0002:000000f0       \177api-ms-win-crt-convert-l1-1-0_NULL_THUNK_DATA 00000001800140f0     ucrt:api-ms-win-crt-convert-l1-1-0.dll
 0002:000000f8       __imp_free                 00000001800140f8     ucrt:api-ms-win-crt-heap-l1-1-0.dll
 0002:00000100       __imp_malloc               0000000180014100     ucrt:api-ms-win-crt-heap-l1-1-0.dll
 0002:00000108       \177api-ms-win-crt-heap-l1-1-0_NULL_THUNK_DATA 0000000180014108     ucrt:api-ms-win-crt-heap-l1-1-0.dll
 0002:00000110       __imp_strerror             0000000180014110     ucrt:api-ms-win-crt-runtime-l1-1-0.dll
 0002:00000118       __imp__cexit               0000000180014118     ucrt:api-ms-win-crt-runtime-l1-1-0.dll
 0002:00000120       __imp__initterm            0000000180014120     ucrt:api-ms-win-crt-runtime-l1-1-0.dll
 0002:00000128       __imp__initterm_e          0000000180014128     ucrt:api-ms-win-crt-runtime-l1-1-0.dll
 0002:00000130       __imp__seh_filter_dll      0000000180014130     ucrt:api-ms-win-crt-runtime-l1-1-0.dll
 0002:00000138       __imp__configure_narrow_argv 0000000180014138     ucrt:api-ms-win-crt-runtime-l1-1-0.dll
 0002:00000140       __imp__initialize_narrow_environment 0000000180014140     ucrt:api-ms-win-crt-runtime-l1-1-0.dll
 0002:00000148       __imp__initialize_onexit_table 0000000180014148     ucrt:api-ms-win-crt-runtime-l1-1-0.dll
 0002:00000150       __imp__register_onexit_function 0000000180014150     ucrt:api-ms-win-crt-runtime-l1-1-0.dll
 0002:00000158       __imp__execute_onexit_table 0000000180014158     ucrt:api-ms-win-crt-runtime-l1-1-0.dll
 0002:00000160       __imp__crt_atexit          0000000180014160     ucrt:api-ms-win-crt-runtime-l1-1-0.dll
 0002:00000168       __imp__crt_at_quick_exit   0000000180014168     ucrt:api-ms-win-crt-runtime-l1-1-0.dll
 0002:00000170       __imp__errno               0000000180014170     ucrt:api-ms-win-crt-runtime-l1-1-0.dll
 0002:00000178       __imp_terminate            0000000180014178     ucrt:api-ms-win-crt-runtime-l1-1-0.dll
 0002:00000180       \177api-ms-win-crt-runtime-l1-1-0_NULL_THUNK_DATA 0000000180014180     ucrt:api-ms-win-crt-runtime-l1-1-0.dll
 0002:00000188       __imp_fclose               0000000180014188     ucrt:api-ms-win-crt-stdio-l1-1-0.dll
 0002:00000190       __imp_fseek                0000000180014190     ucrt:api-ms-win-crt-stdio-l1-1-0.dll
 0002:00000198       __imp__wopen               0000000180014198     ucrt:api-ms-win-crt-stdio-l1-1-0.dll
 0002:000001a0       __imp__open                00000001800141a0     ucrt:api-ms-win-crt-stdio-l1-1-0.dll
 0002:000001a8       __imp__ftelli64            00000001800141a8     ucrt:api-ms-win-crt-stdio-l1-1-0.dll
 0002:000001b0       __imp_fopen                00000001800141b0     ucrt:api-ms-win-crt-stdio-l1-1-0.dll
 0002:000001b8       __imp_ferror               00000001800141b8     ucrt:api-ms-win-crt-stdio-l1-1-0.dll
 0002:000001c0       __imp_ftell                00000001800141c0     ucrt:api-ms-win-crt-stdio-l1-1-0.dll
 0002:000001c8       __imp__write               00000001800141c8     ucrt:api-ms-win-crt-stdio-l1-1-0.dll
 0002:000001d0       __imp__lseeki64            00000001800141d0     ucrt:api-ms-win-crt-stdio-l1-1-0.dll
 0002:000001d8       __imp_fread                00000001800141d8     ucrt:api-ms-win-crt-stdio-l1-1-0.dll
 0002:000001e0       __imp__close               00000001800141e0     ucrt:api-ms-win-crt-stdio-l1-1-0.dll
 0002:000001e8       __imp__read                00000001800141e8     ucrt:api-ms-win-crt-stdio-l1-1-0.dll
 0002:000001f0       __imp_fwrite               00000001800141f0     ucrt:api-ms-win-crt-stdio-l1-1-0.dll
 0002:000001f8       __imp__fseeki64            00000001800141f8     ucrt:api-ms-win-crt-stdio-l1-1-0.dll
 0002:00000200       __imp___stdio_common_vsprintf 0000000180014200     ucrt:api-ms-win-crt-stdio-l1-1-0.dll
 0002:00000208       \177api-ms-win-crt-stdio-l1-1-0_NULL_THUNK_DATA 0000000180014208     ucrt:api-ms-win-crt-stdio-l1-1-0.dll
 0002:00000210       __imp__time64              0000000180014210     ucrt:api-ms-win-crt-time-l1-1-0.dll
 0002:00000218       \177api-ms-win-crt-time-l1-1-0_NULL_THUNK_DATA 0000000180014218     ucrt:api-ms-win-crt-time-l1-1-0.dll
 0002:00000220       __imp_srand                0000000180014220     ucrt:api-ms-win-crt-utility-l1-1-0.dll
 0002:00000228       __imp_rand                 0000000180014228     ucrt:api-ms-win-crt-utility-l1-1-0.dll
 0002:00000230       \177api-ms-win-crt-utility-l1-1-0_NULL_THUNK_DATA 0000000180014230     ucrt:api-ms-win-crt-utility-l1-1-0.dll
 0002:00000238       __guard_check_icall_fptr   0000000180014238     MSVCRT:guard_support.obj
 0002:00000240       __guard_dispatch_icall_fptr 0000000180014240     MSVCRT:guard_support.obj
 0002:00000248       __xc_a                     0000000180014248     MSVCRT:initializers.obj
 0002:00000250       __xc_z                     0000000180014250     MSVCRT:initializers.obj
 0002:00000258       __xi_a                     0000000180014258     MSVCRT:initializers.obj
 0002:00000260       __xi_z                     0000000180014260     MSVCRT:initializers.obj
 0002:00000268       __xp_a                     0000000180014268     MSVCRT:initializers.obj
 0002:00000270       __xp_z                     0000000180014270     MSVCRT:initializers.obj
 0002:00000278       __xt_a                     0000000180014278     MSVCRT:initializers.obj
 0002:00000280       __xt_z                     0000000180014280     MSVCRT:initializers.obj
 0002:00000290       _pRawDllMain               0000000180014290     MSVCRT:dll_dllmain.obj
 0002:00000290       _pDefaultRawDllMain        0000000180014290     MSVCRT:dll_dllmain.obj
 0002:00000298       ??_C@_06CJNJFBNP@1?42?411@ 0000000180014298     compress.obj
 0002:000035b0       _length_code               00000001800175b0     trees.obj
 0002:000036b0       _dist_code                 00000001800176b0     trees.obj
 0002:00004080       unz_copyright              0000000180018080     unzip.obj
 0002:000040e0       z_errmsg                   00000001800180e0     zutil.obj
 0002:00004130       ??_C@_02DKCKIIND@?$CFs@    0000000180018130     gzlib.obj
 0002:00004138       ??_C@_07EBNKNFJN@?$DMfd?3?$CFd?$DO@ 0000000180018138     gzlib.obj
 0002:00004140       ??_C@_0O@BNNCBLEN@out?5of?5memory@ 0000000180018140     gzlib.obj
 0002:0000414e       ??_C@_00CNPNBAHC@@         000000018001814e     gzlib.obj
 0002:00004150       ??_C@_02LMMGGCAJ@?3?5@     0000000180018150     gzlib.obj
 0002:00004154       ??_C@_06DIJPEION@?$CFs?$CFs?$CFs@ 0000000180018154     gzlib.obj
 0002:00004160       ??_C@_0BH@CFIIDOJD@unexpected?5end?5of?5file@ 0000000180018160     gzread.obj
 0002:00004178       ??_C@_0CH@CPOLIEKA@internal?5error?3?5inflate?5stream?5@ 0000000180018178     gzread.obj
 0002:000041a0       ??_C@_0BG@HCKBMIHF@compressed?5data?5error@ 00000001800181a0     gzread.obj
 0002:000041b8       ??_C@_0BP@HLDABFKK@request?5does?5not?5fit?5in?5an?5int@ 00000001800181b8     gzread.obj
 0002:000041d8       ??_C@_0CB@EGGJDMIK@request?5does?5not?5fit?5in?5a?5size_@ 00000001800181d8     gzread.obj
 0002:00004200       ??_C@_0BP@IIKIGMCC@out?5of?5room?5to?5push?5characters@ 0000000180018200     gzread.obj
 0002:00004220       ??_C@_0CH@DEEGAHIB@internal?5error?3?5deflate?5stream?5@ 0000000180018220     gzwrite.obj
 0002:00004248       ??_C@_0CF@MLPJFDMM@requested?5length?5does?5not?5fit?5i@ 0000000180018248     gzwrite.obj
 0002:00004270       ??_C@_0BD@PJCBIDD@invalid?5block?5type@ 0000000180018270     infback.obj
 0002:00004288       ??_C@_0BN@LGAADGOK@invalid?5stored?5block?5lengths@ 0000000180018288     infback.obj
 0002:000042a8       ??_C@_0CE@GMIGFPBB@too?5many?5length?5or?5distance?5sym@ 00000001800182a8     infback.obj
 0002:000042d0       ??_C@_0BJ@HDEPPGOH@invalid?5code?5lengths?5set@ 00000001800182d0     infback.obj
 0002:000042f0       ??_C@_0BK@BMMPFBBH@invalid?5bit?5length?5repeat@ 00000001800182f0     infback.obj
 0002:00004310       ??_C@_0CF@DGDMADCD@invalid?5code?5?9?9?5missing?5end?9of?9@ 0000000180018310     infback.obj
 0002:00004338       ??_C@_0BM@IIMGAINC@invalid?5literal?1lengths?5set@ 0000000180018338     infback.obj
 0002:00004358       ??_C@_0BG@GMDFCBGP@invalid?5distances?5set@ 0000000180018358     infback.obj
 0002:00004370       ??_C@_0BM@FFFLPBBC@invalid?5literal?1length?5code@ 0000000180018370     infback.obj
 0002:00004390       ??_C@_0BG@LBKINIKP@invalid?5distance?5code@ 0000000180018390     infback.obj
 0002:000043a8       ??_C@_0BO@ECPMAOGG@invalid?5distance?5too?5far?5back@ 00000001800183a8     infback.obj
 0002:000043c8       ??_C@_0BH@LIBMMIGA@incorrect?5header?5check@ 00000001800183c8     inflate.obj
 0002:000043e0       ??_C@_0BL@IHKGDAEE@unknown?5compression?5method@ 00000001800183e0     inflate.obj
 0002:00004400       ??_C@_0BE@EMOGCLGO@invalid?5window?5size@ 0000000180018400     inflate.obj
 0002:00004418       ??_C@_0BJ@BLBBCOMO@unknown?5header?5flags?5set@ 0000000180018418     inflate.obj
 0002:00004438       ??_C@_0BE@GONKLEPM@header?5crc?5mismatch@ 0000000180018438     inflate.obj
 0002:00004450       ??_C@_0BF@MEIGEHBE@incorrect?5data?5check@ 0000000180018450     inflate.obj
 0002:00004468       ??_C@_0BH@FGKKJGOC@incorrect?5length?5check@ 0000000180018468     inflate.obj
 0002:00004480       ??_C@_02JDPG@rb@           0000000180018480     ioapi.obj
 0002:00004484       ??_C@_03HMFOOINA@r?$CLb@   0000000180018484     ioapi.obj
 0002:00004488       ??_C@_02GMLFBBN@wb@        0000000180018488     ioapi.obj
 0002:0000448c       ??_C@_01JOAMLHOP@?9@       000000018001848c     zip.obj
 0002:00004490       ??_C@_0BA@MOKMMFOD@need?5dictionary@ 0000000180018490     zutil.obj
 0002:000044a0       ??_C@_0L@FNAOCBOG@stream?5end@ 00000001800184a0     zutil.obj
 0002:000044b0       ??_C@_0L@KIJFAKBJ@file?5error@ 00000001800184b0     zutil.obj
 0002:000044c0       ??_C@_0N@MKKNPMJD@stream?5error@ 00000001800184c0     zutil.obj
 0002:000044d0       ??_C@_0L@HAHMBNLP@data?5error@ 00000001800184d0     zutil.obj
 0002:000044e0       ??_C@_0BE@OGGJBMCE@insufficient?5memory@ 00000001800184e0     zutil.obj
 0002:000044f8       ??_C@_0N@DFPGLBGC@buffer?5error@ 00000001800184f8     zutil.obj
 0002:00004508       ??_C@_0BF@CJFPCCEG@incompatible?5version@ 0000000180018508     zutil.obj
 0002:00004590       _load_config_used          0000000180018590     MSVCRT:loadcfg.obj
 0002:00004960       __rtc_iaa                  0000000180018960     MSVCRT:_initsect_.obj
 0002:00004968       __rtc_izz                  0000000180018968     MSVCRT:_initsect_.obj
 0002:00004970       __rtc_taa                  0000000180018970     MSVCRT:_initsect_.obj
 0002:00004978       __rtc_tzz                  0000000180018978     MSVCRT:_initsect_.obj
 0002:00006dcc       __IMPORT_DESCRIPTOR_KERNEL32 000000018001adcc     kernel32:KERNEL32.dll
 0002:00006de0       __IMPORT_DESCRIPTOR_VCRUNTIME140 000000018001ade0     vcruntime:VCRUNTIME140.dll
 0002:00006df4       __IMPORT_DESCRIPTOR_api-ms-win-crt-stdio-l1-1-0 000000018001adf4     ucrt:api-ms-win-crt-stdio-l1-1-0.dll
 0002:00006e08       __IMPORT_DESCRIPTOR_api-ms-win-crt-convert-l1-1-0 000000018001ae08     ucrt:api-ms-win-crt-convert-l1-1-0.dll
 0002:00006e1c       __IMPORT_DESCRIPTOR_api-ms-win-crt-heap-l1-1-0 000000018001ae1c     ucrt:api-ms-win-crt-heap-l1-1-0.dll
 0002:00006e30       __IMPORT_DESCRIPTOR_api-ms-win-crt-runtime-l1-1-0 000000018001ae30     ucrt:api-ms-win-crt-runtime-l1-1-0.dll
 0002:00006e44       __IMPORT_DESCRIPTOR_api-ms-win-crt-utility-l1-1-0 000000018001ae44     ucrt:api-ms-win-crt-utility-l1-1-0.dll
 0002:00006e58       __IMPORT_DESCRIPTOR_api-ms-win-crt-time-l1-1-0 000000018001ae58     ucrt:api-ms-win-crt-time-l1-1-0.dll
 0002:00006e6c       __NULL_IMPORT_DESCRIPTOR   000000018001ae6c     kernel32:KERNEL32.dll
 0003:00000000       __scrt_native_dllmain_reason 000000018001c000     MSVCRT:utility.obj
 0003:00000008       __security_cookie_complement 000000018001c008     MSVCRT:gs_cookie.obj
 0003:00000010       __security_cookie          000000018001c010     MSVCRT:gs_cookie.obj
 0003:00000018       __isa_available            000000018001c018     MSVCRT:_cpu_disp_.obj
 0003:0000001c       __isa_enabled              000000018001c01c     MSVCRT:_cpu_disp_.obj
 0003:00000020       __memcpy_nt_iters          000000018001c020     MSVCRT:_cpu_disp_.obj
 0003:00000030       __scrt_ucrt_dll_is_in_use  000000018001c030     MSVCRT:ucrt_stubs.obj
 0003:00000050       ?__type_info_root_node@@3U__type_info_node@@A 000000018001c050     MSVCRT:tncleanup.obj
 0003:00000060       ?_OptionsStorage@?1??__local_stdio_printf_options@@9@4_KA 000000018001c060     MSVCRT:default_local_stdio_options.obj
 0003:00000068       ?_OptionsStorage@?1??__local_stdio_scanf_options@@9@4_KA 000000018001c068     MSVCRT:default_local_stdio_options.obj
 0003:00000070       __scrt_current_native_startup_state 000000018001c070     MSVCRT:utility.obj
 0003:00000078       __scrt_native_startup_lock 000000018001c078     MSVCRT:utility.obj
 0003:000000b8       __scrt_debugger_hook_flag  000000018001c0b8     MSVCRT:utility_desktop.obj
 0003:000000bc       __favor                    000000018001c0bc     MSVCRT:_cpu_disp_.obj
 0003:000000c8       __dyn_tls_init_callback    000000018001c0c8     <common>
 0003:000000d0       ?_OptionsStorage@?1??__local_stdio_printf_options@@9@9 000000018001c0d0     <common>
 0003:000000d8       ?_OptionsStorage@?1??__local_stdio_scanf_options@@9@9 000000018001c0d8     <common>

 entry point at        0001:000112f8

 Static symbols

 0000:fffdf000       .debug$S                   0000000180000000     kernel32:KERNEL32.dll
 0000:fffdf000       .debug$S                   0000000180000000     vcruntime:VCRUNTIME140.dll
 0000:fffdf000       .debug$S                   0000000180000000     vcruntime:VCRUNTIME140.dll
 0000:fffdf000       .debug$S                   0000000180000000     zlibwapi.exp
 0000:fffdf000       .debug$S                   0000000180000000     kernel32:KERNEL32.dll
 0000:fffdf000       .debug$S                   0000000180000000     kernel32:KERNEL32.dll
 0000:fffdf000       .debug$S                   0000000180000000     kernel32:KERNEL32.dll
 0000:fffdf000       .debug$S                   0000000180000000     kernel32:KERNEL32.dll
 0000:fffdf000       .debug$S                   0000000180000000     kernel32:KERNEL32.dll
 0000:fffdf000       .debug$S                   0000000180000000     kernel32:KERNEL32.dll
 0000:fffdf000       .debug$S                   0000000180000000     kernel32:KERNEL32.dll
 0000:fffdf000       .debug$S                   0000000180000000     kernel32:KERNEL32.dll
 0000:fffdf000       .debug$S                   0000000180000000     kernel32:KERNEL32.dll
 0000:fffdf000       .debug$S                   0000000180000000     kernel32:KERNEL32.dll
 0000:fffdf000       .debug$S                   0000000180000000     kernel32:KERNEL32.dll
 0000:fffdf000       .debug$S                   0000000180000000     kernel32:KERNEL32.dll
 0000:fffdf000       .debug$S                   0000000180000000     kernel32:KERNEL32.dll
 0000:fffdf000       .debug$S                   0000000180000000     kernel32:KERNEL32.dll
 0002:fffec000       __guard_fids_?dllmain_dispatch@@YAHQEAUHINSTANCE__@@KQEAX@Z 0000000180000000     MSVCRT:dll_dllmain.obj
 0000:fffdf000       .debug$S                   0000000180000000     kernel32:KERNEL32.dll
 0000:fffdf000       .debug$S                   0000000180000000     kernel32:KERNEL32.dll
 0000:fffdf000       .debug$S                   0000000180000000     kernel32:KERNEL32.dll
 0000:fffdf000       .debug$S                   0000000180000000     kernel32:KERNEL32.dll
 0002:fffec000       __guard_fids___scrt_set_unhandled_exception_filter 0000000180000000     MSVCRT:utility_desktop.obj
 0002:fffec000       __guard_fids__             0000000180000000     MSVCRT:guard_support.obj
 0002:fffec000       __guard_fids__guard_icall_checks_enforced 0000000180000000     MSVCRT:guard_support.obj
 0000:fffdf000       .debug$S                   0000000180000000     kernel32:KERNEL32.dll
 0000:fffdf000       .debug$S                   0000000180000000     vcruntime:VCRUNTIME140.dll
 0000:fffdf000       .debug$S                   0000000180000000     vcruntime:VCRUNTIME140.dll
 0000:fffdf000       .debug$S                   0000000180000000     vcruntime:VCRUNTIME140.dll
 0000:fffdf000       .debug$S                   0000000180000000     ucrt:api-ms-win-crt-stdio-l1-1-0.dll
 0000:fffdf000       .debug$S                   0000000180000000     ucrt:api-ms-win-crt-stdio-l1-1-0.dll
 0000:fffdf000       .debug$S                   0000000180000000     ucrt:api-ms-win-crt-stdio-l1-1-0.dll
 0000:fffdf000       .debug$S                   0000000180000000     ucrt:api-ms-win-crt-convert-l1-1-0.dll
 0000:fffdf000       .debug$S                   0000000180000000     ucrt:api-ms-win-crt-stdio-l1-1-0.dll
 0000:fffdf000       .debug$S                   0000000180000000     ucrt:api-ms-win-crt-heap-l1-1-0.dll
 0000:fffdf000       .debug$S                   0000000180000000     ucrt:api-ms-win-crt-heap-l1-1-0.dll
 0000:fffdf000       .debug$S                   0000000180000000     ucrt:api-ms-win-crt-stdio-l1-1-0.dll
 0000:fffdf000       .debug$S                   0000000180000000     ucrt:api-ms-win-crt-stdio-l1-1-0.dll
 0000:fffdf000       .debug$S                   0000000180000000     ucrt:api-ms-win-crt-runtime-l1-1-0.dll
 0000:fffdf000       .debug$S                   0000000180000000     ucrt:api-ms-win-crt-runtime-l1-1-0.dll
 0000:fffdf000       .debug$S                   0000000180000000     ucrt:api-ms-win-crt-stdio-l1-1-0.dll
 0000:fffdf000       .debug$S                   0000000180000000     ucrt:api-ms-win-crt-stdio-l1-1-0.dll
 0000:fffdf000       .debug$S                   0000000180000000     ucrt:api-ms-win-crt-stdio-l1-1-0.dll
 0000:fffdf000       .debug$S                   0000000180000000     ucrt:api-ms-win-crt-stdio-l1-1-0.dll
 0000:fffdf000       .debug$S                   0000000180000000     ucrt:api-ms-win-crt-stdio-l1-1-0.dll
 0000:fffdf000       .debug$S                   0000000180000000     ucrt:api-ms-win-crt-stdio-l1-1-0.dll
 0000:fffdf000       .debug$S                   0000000180000000     ucrt:api-ms-win-crt-stdio-l1-1-0.dll
 0000:fffdf000       .debug$S                   0000000180000000     ucrt:api-ms-win-crt-stdio-l1-1-0.dll
 0000:fffdf000       .debug$S                   0000000180000000     ucrt:api-ms-win-crt-stdio-l1-1-0.dll
 0000:fffdf000       .debug$S                   0000000180000000     ucrt:api-ms-win-crt-stdio-l1-1-0.dll
 0000:fffdf000       .debug$S                   0000000180000000     ucrt:api-ms-win-crt-utility-l1-1-0.dll
 0000:fffdf000       .debug$S                   0000000180000000     ucrt:api-ms-win-crt-utility-l1-1-0.dll
 0000:fffdf000       .debug$S                   0000000180000000     ucrt:api-ms-win-crt-time-l1-1-0.dll
 0000:fffdf000       .debug$S                   0000000180000000     ucrt:api-ms-win-crt-runtime-l1-1-0.dll
 0000:fffdf000       .debug$S                   0000000180000000     ucrt:api-ms-win-crt-runtime-l1-1-0.dll
 0000:fffdf000       .debug$S                   0000000180000000     ucrt:api-ms-win-crt-runtime-l1-1-0.dll
 0000:fffdf000       .debug$S                   0000000180000000     ucrt:api-ms-win-crt-runtime-l1-1-0.dll
 0000:fffdf000       .debug$S                   0000000180000000     ucrt:api-ms-win-crt-runtime-l1-1-0.dll
 0000:fffdf000       .debug$S                   0000000180000000     ucrt:api-ms-win-crt-runtime-l1-1-0.dll
 0000:fffdf000       .debug$S                   0000000180000000     ucrt:api-ms-win-crt-runtime-l1-1-0.dll
 0000:fffdf000       .debug$S                   0000000180000000     ucrt:api-ms-win-crt-runtime-l1-1-0.dll
 0000:fffdf000       .debug$S                   0000000180000000     ucrt:api-ms-win-crt-runtime-l1-1-0.dll
 0000:fffdf000       .debug$S                   0000000180000000     ucrt:api-ms-win-crt-runtime-l1-1-0.dll
 0000:fffdf000       .debug$S                   0000000180000000     ucrt:api-ms-win-crt-runtime-l1-1-0.dll
 0000:fffdf000       .debug$S                   0000000180000000     ucrt:api-ms-win-crt-runtime-l1-1-0.dll
 0000:fffdf000       .debug$S                   0000000180000000     kernel32:KERNEL32.dll
 0000:fffdf000       .debug$S                   0000000180000000     kernel32:KERNEL32.dll
 0001:000002f0       adler32_combine_           00000001800012f0 f   adler32.obj
 0001:00000540       crc32_little               0000000180001540 f   crc32.obj
 0001:00000850       crc32_big                  0000000180001850 f   crc32.obj
 0001:00000bd0       gf2_matrix_times           0000000180001bd0 f   crc32.obj
 0001:00000bf0       gf2_matrix_square          0000000180001bf0 f   crc32.obj
 0001:00000c30       crc32_combine_             0000000180001c30 f   crc32.obj
 0001:00000df0       slide_hash                 0000000180001df0 f   deflate.obj
 0001:00001140       deflateStateCheck          0000000180002140 f   deflate.obj
 0001:00001920       putShortMSB                0000000180002920 f   deflate.obj
 0001:00001950       flush_pending              0000000180002950 f   deflate.obj
 0001:000025a0       read_buf                   00000001800035a0 f   deflate.obj
 0001:00002640       lm_init                    0000000180003640 f   deflate.obj
 0001:000026f0       longest_match              00000001800036f0 f   deflate.obj
 0001:000028c0       fill_window                00000001800038c0 f   deflate.obj
 0001:00002ae0       deflate_stored             0000000180003ae0 f   deflate.obj
 0001:00002ee0       deflate_fast               0000000180003ee0 f   deflate.obj
 0001:00003300       deflate_slow               0000000180004300 f   deflate.obj
 0001:00003820       deflate_rle                0000000180004820 f   deflate.obj
 0001:00003b40       deflate_huff               0000000180004b40 f   deflate.obj
 0001:00003e10       gz_reset                   0000000180004e10 f   gzlib.obj
 0001:00003e60       gz_open                    0000000180004e60 f   gzlib.obj
 0001:00004110       $LN53                      0000000180005110     gzlib.obj
 0001:0000413c       $LN52                      000000018000513c     gzlib.obj
 0001:00004700       gz_load                    0000000180005700 f   gzread.obj
 0001:000047b0       gz_avail                   00000001800057b0 f   gzread.obj
 0001:00004840       gz_look                    0000000180005840 f   gzread.obj
 0001:00004a20       gz_decomp                  0000000180005a20 f   gzread.obj
 0001:00004b30       gz_fetch                   0000000180005b30 f   gzread.obj
 0001:00004be0       gz_skip                    0000000180005be0 f   gzread.obj
 0001:00004c60       gz_read                    0000000180005c60 f   gzread.obj
 0001:00005290       gz_init                    0000000180006290 f   gzwrite.obj
 0001:000053c0       gz_comp                    00000001800063c0 f   gzwrite.obj
 0001:00005580       gz_zero                    0000000180006580 f   gzwrite.obj
 0001:00005630       gz_write                   0000000180006630 f   gzwrite.obj
 0001:00005e20       fixedtables                0000000180006e20 f   infback.obj
 0001:00006d10       $LN478                     0000000180007d10     infback.obj
 0001:00007290       inflateStateCheck          0000000180008290 f   inflate.obj
 0001:000075a0       fixedtables                00000001800085a0 f   inflate.obj
 0001:000075d0       updatewindow               00000001800085d0 f   inflate.obj
 0001:00008de4       $LN843                     0000000180009de4     inflate.obj
 0001:00009030       syncsearch                 000000018000a030 f   inflate.obj
 0001:00009a80       fopen_file_func            000000018000aa80 f   ioapi.obj
 0001:00009ad0       fopen64_file_func          000000018000aad0 f   ioapi.obj
 0001:00009b20       fread_file_func            000000018000ab20 f   ioapi.obj
 0001:00009b40       fwrite_file_func           000000018000ab40 f   ioapi.obj
 0001:00009b60       ftell_file_func            000000018000ab60 f   ioapi.obj
 0001:00009b70       ftell64_file_func          000000018000ab70 f   ioapi.obj
 0001:00009b80       fseek_file_func            000000018000ab80 f   ioapi.obj
 0001:00009be0       fseek64_file_func          000000018000abe0 f   ioapi.obj
 0001:00009c40       fclose_file_func           000000018000ac40 f   ioapi.obj
 0001:00009c50       ferror_file_func           000000018000ac50 f   ioapi.obj
 0001:00009cc0       win32_translate_open_mode  000000018000acc0 f   iowin32.obj
 0001:00009d20       win32_build_iowin          000000018000ad20 f   iowin32.obj
 0001:0000a070       MySetFilePointerEx         000000018000b070 f   iowin32.obj
 0001:0000a480       tr_static_init             000000018000b480 f   trees.obj
 0001:0000a500       init_block                 000000018000b500 f   trees.obj
 0001:0000a6d0       pqdownheap                 000000018000b6d0 f   trees.obj
 0001:0000a7c0       gen_bitlen                 000000018000b7c0 f   trees.obj
 0001:0000a9d0       gen_codes                  000000018000b9d0 f   trees.obj
 0001:0000aaf0       build_tree                 000000018000baf0 f   trees.obj
 0001:0000ad50       scan_tree                  000000018000bd50 f   trees.obj
 0001:0000ae60       send_tree                  000000018000be60 f   trees.obj
 0001:0000b3d0       build_bl_tree              000000018000c3d0 f   trees.obj
 0001:0000b4a0       send_all_trees             000000018000c4a0 f   trees.obj
 0001:0000bb60       compress_block             000000018000cb60 f   trees.obj
 0001:0000bfc0       detect_data_type           000000018000cfc0 f   trees.obj
 0001:0000c040       bi_reverse                 000000018000d040 f   trees.obj
 0001:0000c060       bi_flush                   000000018000d060 f   trees.obj
 0001:0000c0e0       bi_windup                  000000018000d0e0 f   trees.obj
 0001:0000c2c0       unz64local_getByte         000000018000d2c0 f   unzip.obj
 0001:0000c330       unz64local_getShort        000000018000d330 f   unzip.obj
 0001:0000c3b0       unz64local_getLong         000000018000d3b0 f   unzip.obj
 0001:0000c480       unz64local_getLong64       000000018000d480 f   unzip.obj
 0001:0000c600       strcmpcasenosensitive_internal 000000018000d600 f   unzip.obj
 0001:0000c6b0       unz64local_SearchCentralDir 000000018000d6b0 f   unzip.obj
 0001:0000c810       unz64local_SearchCentralDir64 000000018000d810 f   unzip.obj
 0001:0000ca20       unzOpenInternal            000000018000da20 f   unzip.obj
 0001:0000cfe0       unz64local_DosDateToTmuDate 000000018000dfe0 f   unzip.obj
 0001:0000d040       unz64local_GetCurrentFileInfoInternal 000000018000e040 f   unzip.obj
 0001:0000db50       unz64local_CheckCurrentFileCoherencyHeader 000000018000eb50 f   unzip.obj
 0001:0000e630       time                       000000018000f630 f   zip.obj
 0001:0000e640       decrypt_byte               000000018000f640 f   zip.obj
 0001:0000e660       update_keys                000000018000f660 f   zip.obj
 0001:0000e6b0       init_keys                  000000018000f6b0 f   zip.obj
 0001:0000e720       crypthead                  000000018000f720 f   zip.obj
 0001:0000e870       allocate_new_datablock     000000018000f870 f   zip.obj
 0001:0000e8a0       free_datablock             000000018000f8a0 f   zip.obj
 0001:0000e8d0       init_linkedlist            000000018000f8d0 f   zip.obj
 0001:0000e8e0       free_linkedlist            000000018000f8e0 f   zip.obj
 0001:0000e900       add_data_in_datablock      000000018000f900 f   zip.obj
 0001:0000e9e0       zip64local_putValue        000000018000f9e0 f   zip.obj
 0001:0000ea50       zip64local_putValue_inmemory 000000018000fa50 f   zip.obj
 0001:0000eaa0       zip64local_TmzDateToDosDate 000000018000faa0 f   zip.obj
 0001:0000eaf0       zip64local_getByte         000000018000faf0 f   zip.obj
 0001:0000eb60       zip64local_getShort        000000018000fb60 f   zip.obj
 0001:0000ebe0       zip64local_getLong         000000018000fbe0 f   zip.obj
 0001:0000ecb0       zip64local_getLong64       000000018000fcb0 f   zip.obj
 0001:0000ee30       zip64local_SearchCentralDir 000000018000fe30 f   zip.obj
 0001:0000ef90       zip64local_SearchCentralDir64 000000018000ff90 f   zip.obj
 0001:00010370       zip64FlushWriteBuffer      0000000180011370 f   zip.obj
 0001:00010fa4       ?dllmain_crt_dispatch@@YAHQEAUHINSTANCE__@@KQEAX@Z 0000000180011fa4 f   MSVCRT:dll_dllmain.obj
 0001:00010ff4       ?dllmain_crt_process_attach@@YAHQEAUHINSTANCE__@@QEAX@Z 0000000180011ff4 f   MSVCRT:dll_dllmain.obj
 0001:00011110       ?dllmain_crt_process_detach@@YAH_N@Z 0000000180012110 f   MSVCRT:dll_dllmain.obj
 0001:000111a0       ?dllmain_dispatch@@YAHQEAUHINSTANCE__@@KQEAX@Z 00000001800121a0 f   MSVCRT:dll_dllmain.obj
 0001:000112d4       ?dllmain_raw@@YAHQEAUHINSTANCE__@@KQEAX@Z 00000001800122d4 f   MSVCRT:dll_dllmain.obj
 0001:00011338       __get_entropy              0000000180012338 f   MSVCRT:gs_support.obj
 0001:0001150c       ?find_pe_section@@YAPEAU_IMAGE_SECTION_HEADER@@QEAE_K@Z 000000018001250c f   MSVCRT:utility.obj
 0001:00011560       ?is_potentially_valid_image_base@@YA_NQEAX@Z 0000000180012560 f   MSVCRT:utility.obj
 0001:00011fd0       $$000000                   0000000180012fd0     MSVCRT:_chkstk_.obj
 0001:00012040       $$000000                   0000000180013040     MSVCRT:_guard_dispatch_.obj
 0001:00012052       ?fin$0@?0??dllmain_crt_process_attach@@YAHQEAUHINSTANCE__@@QEAX@Z@4HA 0000000180013052 f   MSVCRT:dll_dllmain.obj
 0001:00012069       ?fin$0@?0??dllmain_crt_process_detach@@YAH_N@Z@4HA 0000000180013069 f   MSVCRT:dll_dllmain.obj
 0001:00012085       ?filt$0@?0??dllmain_dispatch@@YAHQEAUHINSTANCE__@@KQEAX@Z@4HA 0000000180013085 f   MSVCRT:dll_dllmain.obj
 0001:000120bb       __scrt_is_nonwritable_in_current_image$filt$0 00000001800130bb f   MSVCRT:utility.obj
 0002:000002a0       crc_table                  00000001800142a0     crc32.obj
 0002:000022a0       ?my_version@?1??deflateInit2_@@9@9 00000001800162a0     deflate.obj
 0002:000022b0       configuration_table        00000001800162b0     deflate.obj
 0002:00002350       ?lenfix@?1??fixedtables@@9@9 0000000180016350     infback.obj
 0002:00002b50       ?distfix@?1??fixedtables@@9@9 0000000180016b50     infback.obj
 0002:00002bd0       ?order@?1??inflateBack@@9@9 0000000180016bd0     infback.obj
 0002:00002c00       ?lenfix@?1??fixedtables@@9@9 0000000180016c00     inflate.obj
 0002:00003400       ?distfix@?1??fixedtables@@9@9 0000000180017400     inflate.obj
 0002:00003480       ?order@?1??inflate@@9@9    0000000180017480     inflate.obj
 0002:000034b0       ?dext@?1??inflate_table@@9@9 00000001800174b0     inftrees.obj
 0002:000034f0       ?lext@?1??inflate_table@@9@9 00000001800174f0     inftrees.obj
 0002:00003530       ?lbase@?1??inflate_table@@9@9 0000000180017530     inftrees.obj
 0002:00003570       ?dbase@?1??inflate_table@@9@9 0000000180017570     inftrees.obj
 0002:000038b0       static_dtree               00000001800178b0     trees.obj
 0002:00003930       extra_blbits               0000000180017930     trees.obj
 0002:00003980       extra_lbits                0000000180017980     trees.obj
 0002:00003a00       base_dist                  0000000180017a00     trees.obj
 0002:00003a80       base_length                0000000180017a80     trees.obj
 0002:00003af8       static_l_desc              0000000180017af8     trees.obj
 0002:00003b18       static_bl_desc             0000000180017b18     trees.obj
 0002:00003b40       extra_dbits                0000000180017b40     trees.obj
 0002:00003bc0       static_ltree               0000000180017bc0     trees.obj
 0002:00004040       static_d_desc              0000000180018040     trees.obj
 0002:00004060       bl_order                   0000000180018060     trees.obj
 0002:00004980       $unwind$adler32_combine_   0000000180018980     adler32.obj
 0002:00004988       $unwind$compress2          0000000180018988     compress.obj
 0002:000049a0       $unwind$compress           00000001800189a0     compress.obj
 0002:000049a8       $unwind$crc32_little       00000001800189a8     crc32.obj
 0002:000049b0       $chain$0$crc32_little      00000001800189b0     crc32.obj
 0002:000049c4       $chain$1$crc32_little      00000001800189c4     crc32.obj
 0002:000049d4       $unwind$crc32_big          00000001800189d4     crc32.obj
 0002:000049dc       $chain$0$crc32_big         00000001800189dc     crc32.obj
 0002:000049f0       $chain$1$crc32_big         00000001800189f0     crc32.obj
 0002:00004a00       $unwind$gf2_matrix_square  0000000180018a00     crc32.obj
 0002:00004a08       $unwind$crc32_combine_     0000000180018a08     crc32.obj
 0002:00004a20       $unwind$slide_hash         0000000180018a20     deflate.obj
 0002:00004a28       $unwind$deflateInit_       0000000180018a28     deflate.obj
 0002:00004a30       $unwind$deflateInit2_      0000000180018a30     deflate.obj
 0002:00004a40       $chain$1$deflateInit2_     0000000180018a40     deflate.obj
 0002:00004a58       $chain$2$deflateInit2_     0000000180018a58     deflate.obj
 0002:00004a6c       $chain$3$deflateInit2_     0000000180018a6c     deflate.obj
 0002:00004a7c       $chain$5$deflateInit2_     0000000180018a7c     deflate.obj
 0002:00004a98       $chain$6$deflateInit2_     0000000180018a98     deflate.obj
 0002:00004ab0       $chain$7$deflateInit2_     0000000180018ab0     deflate.obj
 0002:00004ac0       $unwind$deflateSetDictionary 0000000180018ac0     deflate.obj
 0002:00004ad0       $chain$2$deflateSetDictionary 0000000180018ad0     deflate.obj
 0002:00004aec       $chain$3$deflateSetDictionary 0000000180018aec     deflate.obj
 0002:00004afc       $unwind$deflateGetDictionary 0000000180018afc     deflate.obj
 0002:00004b08       $unwind$deflateResetKeep   0000000180018b08     deflate.obj
 0002:00004b18       $unwind$deflateReset       0000000180018b18     deflate.obj
 0002:00004b24       $unwind$deflateSetHeader   0000000180018b24     deflate.obj
 0002:00004b2c       $unwind$deflatePending     0000000180018b2c     deflate.obj
 0002:00004b34       $unwind$deflatePrime       0000000180018b34     deflate.obj
 0002:00004b40       $unwind$deflateParams      0000000180018b40     deflate.obj
 0002:00004b58       $unwind$deflateTune        0000000180018b58     deflate.obj
 0002:00004b60       $unwind$deflateBound       0000000180018b60     deflate.obj
 0002:00004b68       $unwind$flush_pending      0000000180018b68     deflate.obj
 0002:00004b78       $unwind$deflate            0000000180018b78     deflate.obj
 0002:00004b84       $chain$4$deflate           0000000180018b84     deflate.obj
 0002:00004ba8       $chain$6$deflate           0000000180018ba8     deflate.obj
 0002:00004bcc       $chain$7$deflate           0000000180018bcc     deflate.obj
 0002:00004be0       $chain$8$deflate           0000000180018be0     deflate.obj
 0002:00004bf0       $unwind$deflateEnd         0000000180018bf0     deflate.obj
 0002:00004bfc       $unwind$deflateCopy        0000000180018bfc     deflate.obj
 0002:00004c04       $chain$1$deflateCopy       0000000180018c04     deflate.obj
 0002:00004c1c       $chain$4$deflateCopy       0000000180018c1c     deflate.obj
 0002:00004c38       $chain$6$deflateCopy       0000000180018c38     deflate.obj
 0002:00004c54       $chain$7$deflateCopy       0000000180018c54     deflate.obj
 0002:00004c64       $unwind$read_buf           0000000180018c64     deflate.obj
 0002:00004c78       $unwind$lm_init            0000000180018c78     deflate.obj
 0002:00004c84       $unwind$longest_match      0000000180018c84     deflate.obj
 0002:00004ca0       $unwind$fill_window        0000000180018ca0     deflate.obj
 0002:00004cb0       $unwind$deflate_stored     0000000180018cb0     deflate.obj
 0002:00004cc0       $chain$2$deflate_stored    0000000180018cc0     deflate.obj
 0002:00004cdc       $chain$3$deflate_stored    0000000180018cdc     deflate.obj
 0002:00004cf4       $chain$4$deflate_stored    0000000180018cf4     deflate.obj
 0002:00004d08       $unwind$deflate_fast       0000000180018d08     deflate.obj
 0002:00004d24       $unwind$deflate_slow       0000000180018d24     deflate.obj
 0002:00004d40       $unwind$deflate_rle        0000000180018d40     deflate.obj
 0002:00004d58       $unwind$deflate_huff       0000000180018d58     deflate.obj
 0002:00004d68       $unwind$vsnprintf          0000000180018d68     gzlib.obj
 0002:00004d7c       $unwind$snprintf           0000000180018d7c     gzlib.obj
 0002:00004d8c       $unwind$gz_reset           0000000180018d8c     gzlib.obj
 0002:00004d98       $unwind$gz_open            0000000180018d98     gzlib.obj
 0002:00004dac       $chain$1$gz_open           0000000180018dac     gzlib.obj
 0002:00004dc4       $chain$3$gz_open           0000000180018dc4     gzlib.obj
 0002:00004ddc       $chain$4$gz_open           0000000180018ddc     gzlib.obj
 0002:00004dec       $unwind$gzdopen            0000000180018dec     gzlib.obj
 0002:00004dfc       $unwind$gzrewind           0000000180018dfc     gzlib.obj
 0002:00004e04       $unwind$gzseek64           0000000180018e04     gzlib.obj
 0002:00004e14       $unwind$gzseek             0000000180018e14     gzlib.obj
 0002:00004e1c       $unwind$gztell             0000000180018e1c     gzlib.obj
 0002:00004e24       $unwind$gzoffset64         0000000180018e24     gzlib.obj
 0002:00004e2c       $unwind$gzoffset           0000000180018e2c     gzlib.obj
 0002:00004e34       $unwind$gz_error           0000000180018e34     gzlib.obj
 0002:00004e44       $unwind$gz_load            0000000180018e44     gzread.obj
 0002:00004e5c       $unwind$gz_avail           0000000180018e5c     gzread.obj
 0002:00004e64       $unwind$gz_look            0000000180018e64     gzread.obj
 0002:00004e74       $unwind$gz_decomp          0000000180018e74     gzread.obj
 0002:00004e88       $unwind$gz_fetch           0000000180018e88     gzread.obj
 0002:00004e90       $unwind$gz_skip            0000000180018e90     gzread.obj
 0002:00004e9c       $unwind$gz_read            0000000180018e9c     gzread.obj
 0002:00004eb8       $unwind$gzread             0000000180018eb8     gzread.obj
 0002:00004ec0       $unwind$gzfread            0000000180018ec0     gzread.obj
 0002:00004ec8       $unwind$gzgetc             0000000180018ec8     gzread.obj
 0002:00004ed0       $unwind$gzungetc           0000000180018ed0     gzread.obj
 0002:00004edc       $unwind$gzgets             0000000180018edc     gzread.obj
 0002:00004ef8       $unwind$gzdirect           0000000180018ef8     gzread.obj
 0002:00004f00       $unwind$gzclose_r          0000000180018f00     gzread.obj
 0002:00004f08       $chain$1$gzclose_r         0000000180018f08     gzread.obj
 0002:00004f20       $chain$2$gzclose_r         0000000180018f20     gzread.obj
 0002:00004f30       $unwind$gz_init            0000000180018f30     gzwrite.obj
 0002:00004f3c       $chain$0$gz_init           0000000180018f3c     gzwrite.obj
 0002:00004f50       $chain$2$gz_init           0000000180018f50     gzwrite.obj
 0002:00004f64       $unwind$gz_comp            0000000180018f64     gzwrite.obj
 0002:00004f7c       $unwind$gz_zero            0000000180018f7c     gzwrite.obj
 0002:00004f90       $unwind$gz_write           0000000180018f90     gzwrite.obj
 0002:00004fa8       $unwind$gzwrite            0000000180018fa8     gzwrite.obj
 0002:00004fb0       $unwind$gzfwrite           0000000180018fb0     gzwrite.obj
 0002:00004fb8       $unwind$gzputc             0000000180018fb8     gzwrite.obj
 0002:00004fc4       $unwind$gzputs             0000000180018fc4     gzwrite.obj
 0002:00004fcc       $chain$0$gzputs            0000000180018fcc     gzwrite.obj
 0002:00004fe0       $chain$1$gzputs            0000000180018fe0     gzwrite.obj
 0002:00004ff0       $unwind$gzvprintf          0000000180018ff0     gzwrite.obj
 0002:00005000       $chain$0$gzvprintf         0000000180019000     gzwrite.obj
 0002:00005014       $chain$2$gzvprintf         0000000180019014     gzwrite.obj
 0002:00005028       $chain$3$gzvprintf         0000000180019028     gzwrite.obj
 0002:00005038       $unwind$gzprintf           0000000180019038     gzwrite.obj
 0002:00005040       $unwind$gzflush            0000000180019040     gzwrite.obj
 0002:0000504c       $unwind$gzsetparams        000000018001904c     gzwrite.obj
 0002:00005060       $unwind$gzclose_w          0000000180019060     gzwrite.obj
 0002:0000506c       $unwind$inflateBackInit_   000000018001906c     infback.obj
 0002:0000507c       $chain$1$inflateBackInit_  000000018001907c     infback.obj
 0002:00005094       $chain$3$inflateBackInit_  0000000180019094     infback.obj
 0002:000050ac       $chain$4$inflateBackInit_  00000001800190ac     infback.obj
 0002:000050bc       $unwind$inflateBack        00000001800190bc     infback.obj
 0002:000050cc       $chain$3$inflateBack       00000001800190cc     infback.obj
 0002:000050ec       $chain$4$inflateBack       00000001800190ec     infback.obj
 0002:000050fc       $unwind$inflateBackEnd     00000001800190fc     infback.obj
 0002:00005104       $unwind$inflate_fast       0000000180019104     inffast.obj
 0002:0000511c       $unwind$inflateResetKeep   000000018001911c     inflate.obj
 0002:00005124       $unwind$inflateReset       0000000180019124     inflate.obj
 0002:0000512c       $unwind$inflateReset2      000000018001912c     inflate.obj
 0002:00005140       $unwind$inflateInit2_      0000000180019140     inflate.obj
 0002:0000514c       $chain$1$inflateInit2_     000000018001914c     inflate.obj
 0002:00005164       $chain$3$inflateInit2_     0000000180019164     inflate.obj
 0002:0000517c       $chain$4$inflateInit2_     000000018001917c     inflate.obj
 0002:0000518c       $unwind$inflatePrime       000000018001918c     inflate.obj
 0002:00005194       $unwind$updatewindow       0000000180019194     inflate.obj
 0002:000051ac       $unwind$inflate            00000001800191ac     inflate.obj
 0002:000051c4       $unwind$inflateEnd         00000001800191c4     inflate.obj
 0002:000051cc       $unwind$inflateGetDictionary 00000001800191cc     inflate.obj
 0002:000051dc       $unwind$inflateSetDictionary 00000001800191dc     inflate.obj
 0002:000051f0       $unwind$inflateGetHeader   00000001800191f0     inflate.obj
 0002:000051f8       $unwind$syncsearch         00000001800191f8     inflate.obj
 0002:00005200       $unwind$inflateSync        0000000180019200     inflate.obj
 0002:00005208       $chain$0$inflateSync       0000000180019208     inflate.obj
 0002:0000521c       $chain$4$inflateSync       000000018001921c     inflate.obj
 0002:00005238       $unwind$inflateSyncPoint   0000000180019238     inflate.obj
 0002:00005240       $unwind$inflateCopy        0000000180019240     inflate.obj
 0002:0000524c       $chain$2$inflateCopy       000000018001924c     inflate.obj
 0002:00005268       $chain$3$inflateCopy       0000000180019268     inflate.obj
 0002:0000527c       $chain$4$inflateCopy       000000018001927c     inflate.obj
 0002:0000528c       $chain$6$inflateCopy       000000018001928c     inflate.obj
 0002:000052ac       $chain$7$inflateCopy       00000001800192ac     inflate.obj
 0002:000052bc       $unwind$inflateUndermine   00000001800192bc     inflate.obj
 0002:000052c4       $unwind$inflateValidate    00000001800192c4     inflate.obj
 0002:000052cc       $unwind$inflateMark        00000001800192cc     inflate.obj
 0002:000052d4       $unwind$inflateCodesUsed   00000001800192d4     inflate.obj
 0002:000052dc       $unwind$inflate_table      00000001800192dc     inftrees.obj
 0002:000052f0       $chain$0$inflate_table     00000001800192f0     inftrees.obj
 0002:00005304       $chain$1$inflate_table     0000000180019304     inftrees.obj
 0002:00005318       $chain$2$inflate_table     0000000180019318     inftrees.obj
 0002:00005328       $chain$4$inflate_table     0000000180019328     inftrees.obj
 0002:00005340       $chain$5$inflate_table     0000000180019340     inftrees.obj
 0002:00005354       $unwind$call_ztell64       0000000180019354     ioapi.obj
 0002:0000535c       $unwind$fseek_file_func    000000018001935c     ioapi.obj
 0002:00005364       $unwind$fseek64_file_func  0000000180019364     ioapi.obj
 0002:0000536c       $unwind$win32_build_iowin  000000018001936c     iowin32.obj
 0002:00005374       $chain$0$win32_build_iowin 0000000180019374     iowin32.obj
 0002:00005388       $chain$2$win32_build_iowin 0000000180019388     iowin32.obj
 0002:0000539c       $chain$3$win32_build_iowin 000000018001939c     iowin32.obj
 0002:000053ac       $unwind$win32_open64_file_func 00000001800193ac     iowin32.obj
 0002:000053b4       $unwind$win32_open64_file_funcA 00000001800193b4     iowin32.obj
 0002:000053bc       $unwind$win32_open64_file_funcW 00000001800193bc     iowin32.obj
 0002:000053c4       $unwind$win32_open_file_func 00000001800193c4     iowin32.obj
 0002:000053cc       $unwind$win32_read_file_func 00000001800193cc     iowin32.obj
 0002:000053d8       $unwind$win32_write_file_func 00000001800193d8     iowin32.obj
 0002:000053e4       $unwind$MySetFilePointerEx 00000001800193e4     iowin32.obj
 0002:000053f4       $unwind$win32_tell_file_func 00000001800193f4     iowin32.obj
 0002:000053fc       $unwind$win32_tell64_file_func 00000001800193fc     iowin32.obj
 0002:00005404       $unwind$win32_seek_file_func 0000000180019404     iowin32.obj
 0002:00005410       $unwind$win32_seek64_file_func 0000000180019410     iowin32.obj
 0002:0000541c       $unwind$win32_close_file_func 000000018001941c     iowin32.obj
 0002:00005424       $chain$0$win32_close_file_func 0000000180019424     iowin32.obj
 0002:00005438       $chain$1$win32_close_file_func 0000000180019438     iowin32.obj
 0002:00005448       $unwind$pqdownheap         0000000180019448     trees.obj
 0002:00005454       $chain$0$pqdownheap        0000000180019454     trees.obj
 0002:00005468       $chain$2$pqdownheap        0000000180019468     trees.obj
 0002:0000547c       $chain$3$pqdownheap        000000018001947c     trees.obj
 0002:0000548c       $unwind$gen_bitlen         000000018001948c     trees.obj
 0002:000054a0       $chain$1$gen_bitlen        00000001800194a0     trees.obj
 0002:000054b8       $chain$2$gen_bitlen        00000001800194b8     trees.obj
[...]
 0004:000005ac       $pdata$gzclose_r           000000018001d5ac     gzread.obj
 0004:000005b8       $pdata$1$gzclose_r         000000018001d5b8     gzread.obj
 0004:000005c4       $pdata$2$gzclose_r         000000018001d5c4     gzread.obj
 0004:000005d0       $pdata$gzsetparams         000000018001d5d0     gzwrite.obj
 0004:000005dc       $pdata$gzflush             000000018001d5dc     gzwrite.obj
 0004:000005e8       $pdata$gzprintf            000000018001d5e8     gzwrite.obj
 0004:000005f4       $pdata$gzvprintf           000000018001d5f4     gzwrite.obj
 0004:00000600       $pdata$0$gzvprintf         000000018001d600     gzwrite.obj
 0004:0000060c       $pdata$2$gzvprintf         000000018001d60c     gzwrite.obj
 0004:00000618       $pdata$3$gzvprintf         000000018001d618     gzwrite.obj
 0004:00000624       $pdata$gzputs              000000018001d624     gzwrite.obj
 0004:00000630       $pdata$0$gzputs            000000018001d630     gzwrite.obj
 0004:0000063c       $pdata$1$gzputs            000000018001d63c     gzwrite.obj
 0004:00000648       $pdata$gzputc              000000018001d648     gzwrite.obj
 0004:00000654       $pdata$gzfwrite            000000018001d654     gzwrite.obj
 0004:00000660       $pdata$gzwrite             000000018001d660     gzwrite.obj
 0004:0000066c       $pdata$gz_write            000000018001d66c     gzwrite.obj
 0004:00000678       $pdata$gz_zero             000000018001d678     gzwrite.obj
 0004:00000684       $pdata$gz_comp             000000018001d684     gzwrite.obj
 0004:00000690       $pdata$gz_init             000000018001d690     gzwrite.obj
 0004:0000069c       $pdata$0$gz_init           000000018001d69c     gzwrite.obj
 0004:000006a8       $pdata$2$gz_init           000000018001d6a8     gzwrite.obj
 0004:000006b4       $pdata$gzclose_w           000000018001d6b4     gzwrite.obj
 0004:000006c0       $pdata$inflateBackEnd      000000018001d6c0     infback.obj
 0004:000006cc       $pdata$inflateBack         000000018001d6cc     infback.obj
 0004:000006d8       $pdata$3$inflateBack       000000018001d6d8     infback.obj
 0004:000006e4       $pdata$4$inflateBack       000000018001d6e4     infback.obj
 0004:000006f0       $pdata$inflateBackInit_    000000018001d6f0     infback.obj
 0004:000006fc       $pdata$1$inflateBackInit_  000000018001d6fc     infback.obj
 0004:00000708       $pdata$3$inflateBackInit_  000000018001d708     infback.obj
 0004:00000714       $pdata$4$inflateBackInit_  000000018001d714     infback.obj
 0004:00000720       $pdata$inflate_fast        000000018001d720     inffast.obj
 0004:0000072c       $pdata$inflateCodesUsed    000000018001d72c     inflate.obj
 0004:00000738       $pdata$inflateMark         000000018001d738     inflate.obj
 0004:00000744       $pdata$inflateValidate     000000018001d744     inflate.obj
 0004:00000750       $pdata$inflateUndermine    000000018001d750     inflate.obj
 0004:0000075c       $pdata$inflateCopy         000000018001d75c     inflate.obj
 0004:00000768       $pdata$2$inflateCopy       000000018001d768     inflate.obj
 0004:00000774       $pdata$3$inflateCopy       000000018001d774     inflate.obj
 0004:00000780       $pdata$4$inflateCopy       000000018001d780     inflate.obj
 0004:0000078c       $pdata$6$inflateCopy       000000018001d78c     inflate.obj
 0004:00000798       $pdata$7$inflateCopy       000000018001d798     inflate.obj
 0004:000007a4       $pdata$inflateSyncPoint    000000018001d7a4     inflate.obj
 0004:000007b0       $pdata$inflateSync         000000018001d7b0     inflate.obj
 0004:000007bc       $pdata$0$inflateSync       000000018001d7bc     inflate.obj
 0004:000007c8       $pdata$4$inflateSync       000000018001d7c8     inflate.obj
 0004:000007d4       $pdata$syncsearch          000000018001d7d4     inflate.obj
 0004:000007e0       $pdata$inflateGetHeader    000000018001d7e0     inflate.obj
 0004:000007ec       $pdata$inflateSetDictionary 000000018001d7ec     inflate.obj
 0004:000007f8       $pdata$inflateGetDictionary 000000018001d7f8     inflate.obj
 0004:00000804       $pdata$updatewindow        000000018001d804     inflate.obj
 0004:00000810       $pdata$inflatePrime        000000018001d810     inflate.obj
 0004:0000081c       $pdata$inflateReset2       000000018001d81c     inflate.obj
 0004:00000828       $pdata$inflateResetKeep    000000018001d828     inflate.obj
 0004:00000834       $pdata$inflateEnd          000000018001d834     inflate.obj
 0004:00000840       $pdata$inflate             000000018001d840     inflate.obj
 0004:0000084c       $pdata$inflateInit2_       000000018001d84c     inflate.obj
 0004:00000858       $pdata$1$inflateInit2_     000000018001d858     inflate.obj
 0004:00000864       $pdata$3$inflateInit2_     000000018001d864     inflate.obj
 0004:00000870       $pdata$4$inflateInit2_     000000018001d870     inflate.obj
 0004:0000087c       $pdata$inflateReset        000000018001d87c     inflate.obj
 0004:00000888       $pdata$inflate_table       000000018001d888     inftrees.obj
 0004:00000894       $pdata$0$inflate_table     000000018001d894     inftrees.obj
 0004:000008a0       $pdata$1$inflate_table     000000018001d8a0     inftrees.obj
 0004:000008ac       $pdata$2$inflate_table     000000018001d8ac     inftrees.obj
 0004:000008b8       $pdata$4$inflate_table     000000018001d8b8     inftrees.obj
 0004:000008c4       $pdata$5$inflate_table     000000018001d8c4     inftrees.obj
 0004:000008d0       $pdata$fseek64_file_func   000000018001d8d0     ioapi.obj
 0004:000008dc       $pdata$fseek_file_func     000000018001d8dc     ioapi.obj
 0004:000008e8       $pdata$call_ztell64        000000018001d8e8     ioapi.obj
 0004:000008f4       $pdata$win32_close_file_func 000000018001d8f4     iowin32.obj
 0004:00000900       $pdata$0$win32_close_file_func 000000018001d900     iowin32.obj
 0004:0000090c       $pdata$1$win32_close_file_func 000000018001d90c     iowin32.obj
 0004:00000918       $pdata$win32_seek64_file_func 000000018001d918     iowin32.obj
 0004:00000924       $pdata$win32_seek_file_func 000000018001d924     iowin32.obj
 0004:00000930       $pdata$win32_tell64_file_func 000000018001d930     iowin32.obj
 0004:0000093c       $pdata$win32_tell_file_func 000000018001d93c     iowin32.obj
 0004:00000948       $pdata$MySetFilePointerEx  000000018001d948     iowin32.obj
 0004:00000954       $pdata$win32_write_file_func 000000018001d954     iowin32.obj
 0004:00000960       $pdata$win32_read_file_func 000000018001d960     iowin32.obj
 0004:0000096c       $pdata$win32_open_file_func 000000018001d96c     iowin32.obj
 0004:00000978       $pdata$win32_open64_file_funcW 000000018001d978     iowin32.obj
 0004:00000984       $pdata$win32_open64_file_funcA 000000018001d984     iowin32.obj
 0004:00000990       $pdata$win32_open64_file_func 000000018001d990     iowin32.obj
 0004:0000099c       $pdata$win32_build_iowin   000000018001d99c     iowin32.obj
 0004:000009a8       $pdata$0$win32_build_iowin 000000018001d9a8     iowin32.obj
 0004:000009b4       $pdata$2$win32_build_iowin 000000018001d9b4     iowin32.obj
 0004:000009c0       $pdata$3$win32_build_iowin 000000018001d9c0     iowin32.obj
 0004:000009cc       $pdata$compress_block      000000018001d9cc     trees.obj
 0004:000009d8       $pdata$2$compress_block    000000018001d9d8     trees.obj
 0004:000009e4       $pdata$6$compress_block    000000018001d9e4     trees.obj
 0004:000009f0       $pdata$7$compress_block    000000018001d9f0     trees.obj
 0004:000009fc       $pdata$8$compress_block    000000018001d9fc     trees.obj
 0004:00000a08       $pdata$send_all_trees      000000018001da08     trees.obj
 0004:00000a14       $pdata$build_bl_tree       000000018001da14     trees.obj
 0004:00000a20       $pdata$send_tree           000000018001da20     trees.obj
 0004:00000a2c       $pdata$6$send_tree         000000018001da2c     trees.obj
 0004:00000a38       $pdata$7$send_tree         000000018001da38     trees.obj
 0004:00000a44       $pdata$scan_tree           000000018001da44     trees.obj
 0004:00000a50       $pdata$2$scan_tree         000000018001da50     trees.obj
 0004:00000a5c       $pdata$3$scan_tree         000000018001da5c     trees.obj
 0004:00000a68       $pdata$build_tree          000000018001da68     trees.obj
 0004:00000a74       $pdata$gen_codes           000000018001da74     trees.obj
 0004:00000a80       $pdata$gen_bitlen          000000018001da80     trees.obj
 0004:00000a8c       $pdata$1$gen_bitlen        000000018001da8c     trees.obj
 0004:00000a98       $pdata$2$gen_bitlen        000000018001da98     trees.obj
 0004:00000aa4       $pdata$pqdownheap          000000018001daa4     trees.obj
 0004:00000ab0       $pdata$0$pqdownheap        000000018001dab0     trees.obj
 0004:00000abc       $pdata$2$pqdownheap        000000018001dabc     trees.obj
 0004:00000ac8       $pdata$3$pqdownheap        000000018001dac8     trees.obj
 0004:00000ad4       $pdata$_tr_flush_block     000000018001dad4     trees.obj
 0004:00000ae0       $pdata$_tr_stored_block    000000018001dae0     trees.obj
 0004:00000aec       $pdata$uncompress          000000018001daec     uncompr.obj
 0004:00000af8       $pdata$uncompress2         000000018001daf8     uncompr.obj
 0004:00000b04       $pdata$0$uncompress2       000000018001db04     uncompr.obj
 0004:00000b10       $pdata$1$uncompress2       000000018001db10     uncompr.obj
 0004:00000b1c       $pdata$2$uncompress2       000000018001db1c     uncompr.obj
 0004:00000b28       $pdata$3$uncompress2       000000018001db28     uncompr.obj
 0004:00000b34       $pdata$unzGetGlobalComment 000000018001db34     unzip.obj
 0004:00000b40       $pdata$unzCloseCurrentFile 000000018001db40     unzip.obj
 0004:00000b4c       $pdata$unzGetLocalExtrafield 000000018001db4c     unzip.obj
 0004:00000b58       $pdata$unzReadCurrentFile  000000018001db58     unzip.obj
 0004:00000b64       $pdata$5$unzReadCurrentFile 000000018001db64     unzip.obj
 0004:00000b70       $pdata$7$unzReadCurrentFile 000000018001db70     unzip.obj
 0004:00000b7c       $pdata$8$unzReadCurrentFile 000000018001db7c     unzip.obj
 0004:00000b88       $pdata$unzOpenCurrentFile2 000000018001db88     unzip.obj
 0004:00000b94       $pdata$unzOpenCurrentFilePassword 000000018001db94     unzip.obj
 0004:00000ba0       $pdata$unzOpenCurrentFile  000000018001dba0     unzip.obj
 0004:00000bac       $pdata$unzOpenCurrentFile3 000000018001dbac     unzip.obj
 0004:00000bb8       $pdata$0$unzOpenCurrentFile3 000000018001dbb8     unzip.obj
 0004:00000bc4       $pdata$1$unzOpenCurrentFile3 000000018001dbc4     unzip.obj
 0004:00000bd0       $pdata$2$unzOpenCurrentFile3 000000018001dbd0     unzip.obj
 0004:00000bdc       $pdata$4$unzOpenCurrentFile3 000000018001dbdc     unzip.obj
 0004:00000be8       $pdata$5$unzOpenCurrentFile3 000000018001dbe8     unzip.obj
 0004:00000bf4       $pdata$unz64local_CheckCurrentFileCoherencyHeader 000000018001dbf4     unzip.obj
 0004:00000c00       $pdata$unzGoToFilePos      000000018001dc00     unzip.obj
 0004:00000c0c       $pdata$unzGoToFilePos64    000000018001dc0c     unzip.obj
 0004:00000c18       $pdata$0$unzGoToFilePos64  000000018001dc18     unzip.obj
 0004:00000c24       $pdata$1$unzGoToFilePos64  000000018001dc24     unzip.obj
 0004:00000c30       $pdata$unzGetFilePos       000000018001dc30     unzip.obj
 0004:00000c3c       $pdata$unzLocateFile       000000018001dc3c     unzip.obj
 0004:00000c48       $pdata$3$unzLocateFile     000000018001dc48     unzip.obj
 0004:00000c54       $pdata$5$unzLocateFile     000000018001dc54     unzip.obj
 0004:00000c60       $pdata$6$unzLocateFile     000000018001dc60     unzip.obj
 0004:00000c6c       $pdata$unzGoToNextFile     000000018001dc6c     unzip.obj
 0004:00000c78       $pdata$0$unzGoToNextFile   000000018001dc78     unzip.obj
 0004:00000c84       $pdata$1$unzGoToNextFile   000000018001dc84     unzip.obj
 0004:00000c90       $pdata$unzGoToFirstFile    000000018001dc90     unzip.obj
 0004:00000c9c       $pdata$unzGetCurrentFileInfo 000000018001dc9c     unzip.obj
 0004:00000ca8       $pdata$unzGetCurrentFileInfo64 000000018001dca8     unzip.obj
 0004:00000cb4       $pdata$unz64local_GetCurrentFileInfoInternal 000000018001dcb4     unzip.obj
 0004:00000cc0       $pdata$unzClose            000000018001dcc0     unzip.obj
 0004:00000ccc       $pdata$unzOpen2_64         000000018001dccc     unzip.obj
 0004:00000cd8       $pdata$unzOpen2            000000018001dcd8     unzip.obj
 0004:00000ce4       $pdata$unzOpenInternal     000000018001dce4     unzip.obj
 0004:00000cf0       $pdata$3$unzOpenInternal   000000018001dcf0     unzip.obj
 0004:00000cfc       $pdata$4$unzOpenInternal   000000018001dcfc     unzip.obj
 0004:00000d08       $pdata$unz64local_SearchCentralDir64 000000018001dd08     unzip.obj
 0004:00000d14       $pdata$0$unz64local_SearchCentralDir64 000000018001dd14     unzip.obj
 0004:00000d20       $pdata$1$unz64local_SearchCentralDir64 000000018001dd20     unzip.obj
 0004:00000d2c       $pdata$2$unz64local_SearchCentralDir64 000000018001dd2c     unzip.obj
 0004:00000d38       $pdata$3$unz64local_SearchCentralDir64 000000018001dd38     unzip.obj
 0004:00000d44       $pdata$unz64local_SearchCentralDir 000000018001dd44     unzip.obj
 0004:00000d50       $pdata$0$unz64local_SearchCentralDir 000000018001dd50     unzip.obj
 0004:00000d5c       $pdata$1$unz64local_SearchCentralDir 000000018001dd5c     unzip.obj
 0004:00000d68       $pdata$2$unz64local_SearchCentralDir 000000018001dd68     unzip.obj
 0004:00000d74       $pdata$3$unz64local_SearchCentralDir 000000018001dd74     unzip.obj
 0004:00000d80       $pdata$strcmpcasenosensitive_internal 000000018001dd80     unzip.obj
 0004:00000d8c       $pdata$unz64local_getLong64 000000018001dd8c     unzip.obj
 0004:00000d98       $pdata$unz64local_getLong  000000018001dd98     unzip.obj
 0004:00000da4       $pdata$unz64local_getShort 000000018001dda4     unzip.obj
 0004:00000db0       $pdata$unz64local_getByte  000000018001ddb0     unzip.obj
 0004:00000dbc       $pdata$zipClose            000000018001ddbc     zip.obj
 0004:00000dc8       $pdata$0$zipClose          000000018001ddc8     zip.obj
 0004:00000dd4       $pdata$1$zipClose          000000018001ddd4     zip.obj
 0004:00000de0       $pdata$2$zipClose          000000018001dde0     zip.obj
 0004:00000dec       $pdata$3$zipClose          000000018001ddec     zip.obj
 0004:00000df8       $pdata$4$zipClose          000000018001ddf8     zip.obj
 0004:00000e04       $pdata$5$zipClose          000000018001de04     zip.obj
 0004:00000e10       $pdata$Write_GlobalComment 000000018001de10     zip.obj
 0004:00000e1c       $pdata$Write_EndOfCentralDirectoryRecord 000000018001de1c     zip.obj
 0004:00000e28       $pdata$0$Write_EndOfCentralDirectoryRecord 000000018001de28     zip.obj
 0004:00000e34       $pdata$1$Write_EndOfCentralDirectoryRecord 000000018001de34     zip.obj
 0004:00000e40       $pdata$Write_Zip64EndOfCentralDirectoryRecord 000000018001de40     zip.obj
 0004:00000e4c       $pdata$Write_Zip64EndOfCentralDirectoryLocator 000000018001de4c     zip.obj
 0004:00000e58       $pdata$zipCloseFileInZipRaw64 000000018001de58     zip.obj
 0004:00000e64       $pdata$3$zipCloseFileInZipRaw64 000000018001de64     zip.obj
 0004:00000e70       $pdata$5$zipCloseFileInZipRaw64 000000018001de70     zip.obj
 0004:00000e7c       $pdata$6$zipCloseFileInZipRaw64 000000018001de7c     zip.obj
 0004:00000e88       $pdata$zipWriteInFileInZip 000000018001de88     zip.obj
 0004:00000e94       $pdata$0$zipWriteInFileInZip 000000018001de94     zip.obj
 0004:00000ea0       $pdata$2$zipWriteInFileInZip 000000018001dea0     zip.obj
 0004:00000eac       $pdata$3$zipWriteInFileInZip 000000018001deac     zip.obj
 0004:00000eb8       $pdata$zip64FlushWriteBuffer 000000018001deb8     zip.obj
 0004:00000ec4       $pdata$0$zip64FlushWriteBuffer 000000018001dec4     zip.obj
 0004:00000ed0       $pdata$2$zip64FlushWriteBuffer 000000018001ded0     zip.obj
 0004:00000edc       $pdata$3$zip64FlushWriteBuffer 000000018001dedc     zip.obj
 0004:00000ee8       $pdata$4$zip64FlushWriteBuffer 000000018001dee8     zip.obj
 0004:00000ef4       $pdata$zipOpenNewFileInZip 000000018001def4     zip.obj
 0004:00000f00       $pdata$zipOpenNewFileInZip64 000000018001df00     zip.obj
 0004:00000f0c       $pdata$zipOpenNewFileInZip2_64 000000018001df0c     zip.obj
 0004:00000f18       $pdata$zipOpenNewFileInZip2 000000018001df18     zip.obj
 0004:00000f24       $pdata$zipOpenNewFileInZip3_64 000000018001df24     zip.obj
 0004:00000f30       $pdata$zipOpenNewFileInZip3 000000018001df30     zip.obj
 0004:00000f3c       $pdata$zipOpenNewFileInZip4_64 000000018001df3c     zip.obj
 0004:00000f48       $pdata$3$zipOpenNewFileInZip4_64 000000018001df48     zip.obj
 0004:00000f54       $pdata$4$zipOpenNewFileInZip4_64 000000018001df54     zip.obj
 0004:00000f60       $pdata$5$zipOpenNewFileInZip4_64 000000018001df60     zip.obj
 0004:00000f6c       $pdata$6$zipOpenNewFileInZip4_64 000000018001df6c     zip.obj
 0004:00000f78       $pdata$7$zipOpenNewFileInZip4_64 000000018001df78     zip.obj
 0004:00000f84       $pdata$Write_LocalFileHeader 000000018001df84     zip.obj
 0004:00000f90       $pdata$zipOpen2_64         000000018001df90     zip.obj
 0004:00000f9c       $pdata$zipOpen2            000000018001df9c     zip.obj
 0004:00000fa8       $pdata$zipOpen3            000000018001dfa8     zip.obj
 0004:00000fb4       $pdata$LoadCentralDirectoryRecord 000000018001dfb4     zip.obj
 0004:00000fc0       $pdata$zip64local_SearchCentralDir64 000000018001dfc0     zip.obj
 0004:00000fcc       $pdata$0$zip64local_SearchCentralDir64 000000018001dfcc     zip.obj
 0004:00000fd8       $pdata$1$zip64local_SearchCentralDir64 000000018001dfd8     zip.obj
 0004:00000fe4       $pdata$2$zip64local_SearchCentralDir64 000000018001dfe4     zip.obj
 0004:00000ff0       $pdata$3$zip64local_SearchCentralDir64 000000018001dff0     zip.obj
 0004:00000ffc       $pdata$zip64local_SearchCentralDir 000000018001dffc     zip.obj
 0004:00001008       $pdata$0$zip64local_SearchCentralDir 000000018001e008     zip.obj
 0004:00001014       $pdata$1$zip64local_SearchCentralDir 000000018001e014     zip.obj
 0004:00001020       $pdata$2$zip64local_SearchCentralDir 000000018001e020     zip.obj
 0004:0000102c       $pdata$3$zip64local_SearchCentralDir 000000018001e02c     zip.obj
 0004:00001038       $pdata$zip64local_getLong64 000000018001e038     zip.obj
 0004:00001044       $pdata$zip64local_getLong  000000018001e044     zip.obj
 0004:00001050       $pdata$zip64local_getShort 000000018001e050     zip.obj
 0004:0000105c       $pdata$zip64local_getByte  000000018001e05c     zip.obj
 0004:00001068       $pdata$zip64local_putValue_inmemory 000000018001e068     zip.obj
 0004:00001074       $pdata$zip64local_putValue 000000018001e074     zip.obj
 0004:00001080       $pdata$0$zip64local_putValue 000000018001e080     zip.obj
 0004:0000108c       $pdata$1$zip64local_putValue 000000018001e08c     zip.obj
 0004:00001098       $pdata$add_data_in_datablock 000000018001e098     zip.obj
 0004:000010a4       $pdata$free_linkedlist     000000018001e0a4     zip.obj
 0004:000010b0       $pdata$free_datablock      000000018001e0b0     zip.obj
 0004:000010bc       $pdata$0$free_datablock    000000018001e0bc     zip.obj
 0004:000010c8       $pdata$1$free_datablock    000000018001e0c8     zip.obj
 0004:000010d4       $pdata$allocate_new_datablock 000000018001e0d4     zip.obj
 0004:000010e0       $pdata$crypthead           000000018001e0e0     zip.obj
 0004:000010ec       $pdata$init_keys           000000018001e0ec     zip.obj
 0005:00000060       $R000000                   000000018001f060     zlib.res
